<html>
<body>
<pre>
<h1>µVision Build Log</h1>
<h2>Tool Versions:</h2>
IDE-Version: ¦ÌVision V5.14.0.0
Copyright (C) 2015 ARM Ltd and ARM Germany GmbH. All rights reserved.
License Information: QAQ,   , LIC=BL28G-VW4LH-GQW0H-WSSFT-BKKDW-H3B2Z
 
Tool Versions:
Toolchain:       MDK-ARM Professional  Version: 5.14.0.0
Toolchain Path:  D:\Keil_v5\ARM\ARMCC\Bin
C Compiler:      Armcc.exe V5.05 update 1 (build 106)
Assembler:       Armasm.exe V5.05 update 1 (build 106)
Linker/Locator:  ArmLink.exe V5.05 update 1 (build 106)
Library Manager: ArmAr.exe V5.05 update 1 (build 106)
Hex Converter:   FromElf.exe V5.05 update 1 (build 106)
CPU DLL:         SARMCM3.DLL V5.14.0.0
Dialog DLL:      DARMSTM.DLL V1.65.0.0
Target DLL:      STLink\ST-LINKIII-KEIL_SWO.dll V2.0.14.0_KEIL
Dialog DLL:      TARMSTM.DLL V1.64.0.0
 
<h2>Project:</h2>
D:\Users\QAQ\Desktop\temp\tem_project\USER\UC.uvprojx
Project File Date:  05/18/2023

<h2>Output:</h2>
Rebuild target 'Target 1'
assembling startup_stm32f10x_hd.s...
compiling main.c...
..\UCOSTASK\task.h(140): warning:  #1-D: last line of file ends without a newline
  extern int isDormancy;
main.c(48): warning:  #177-D: variable "i" was declared but never referenced
        int i;
main.c: 2 warnings, 0 errors
compiling stm32f10x_it.c...
compiling system_stm32f10x.c...
compiling delay.c...
compiling sys.c...
compiling usart.c...
compiling led.c...
compiling dm9000.c...
compiling sram.c...
compiling lcd.c...
..\HARDWARE\LCD\lcd.c(937): warning:  #1-D: last line of file ends without a newline
  }
..\HARDWARE\LCD\lcd.c: 1 warning, 0 errors
compiling adc.c...
compiling key.c...
compiling beep.c...
compiling exti.c...
..\UCOSTASK\task.h(140): warning:  #1-D: last line of file ends without a newline
  extern int isDormancy;
..\HARDWARE\EXTI\exti.c: 1 warning, 0 errors
compiling bsp.c...
compiling cpu_core.c...
assembling cpu_a.asm...
compiling cpu_c.c...
compiling lib_ascii.c...
compiling lib_math.c...
compiling lib_mem.c...
compiling lib_str.c...
assembling lib_mem_a.asm...
compiling os_cfg_app.c...
compiling os_core.c...
compiling os_dbg.c...
compiling os_flag.c...
compiling os_int.c...
compiling os_mem.c...
compiling os_msg.c...
compiling os_mutex.c...
compiling os_pend_multi.c...
compiling os_prio.c...
compiling os_q.c...
compiling os_sem.c...
compiling os_stat.c...
compiling os_task.c...
compiling os_tick.c...
compiling os_time.c...
compiling os_tmr.c...
compiling os_var.c...
assembling os_cpu_a.s...
compiling os_cpu_c.c...
compiling os_app_hooks.c...
compiling malloc.c...
compiling etharp.c...
compiling ethernetif.c...
compiling autoip.c...
compiling icmp.c...
compiling igmp.c...
compiling inet.c...
compiling inet_chksum.c...
compiling ip.c...
compiling ip_addr.c...
compiling ip_frag.c...
compiling def.c...
compiling dhcp.c...
compiling dns.c...
compiling init.c...
..\LWIP\arch/sys_arch.h(17): warning:  #1-D: last line of file ends without a newline
  #endif
..\LWIP\lwip-1.4.1\src\core\init.c: 1 warning, 0 errors
compiling lwip_sys.c...
..\LWIP\arch/sys_arch.h(17): warning:  #1-D: last line of file ends without a newline
  #endif
..\LWIP\lwip-1.4.1\src\core\lwip_sys.c: 1 warning, 0 errors
compiling mem.c...
..\LWIP\arch/sys_arch.h(17): warning:  #1-D: last line of file ends without a newline
  #endif
..\LWIP\lwip-1.4.1\src\core\mem.c: 1 warning, 0 errors
compiling memp.c...
..\LWIP\arch/sys_arch.h(17): warning:  #1-D: last line of file ends without a newline
  #endif
..\LWIP\lwip-1.4.1\src\core\memp.c: 1 warning, 0 errors
compiling netif.c...
compiling pbuf.c...
..\LWIP\arch/sys_arch.h(17): warning:  #1-D: last line of file ends without a newline
  #endif
..\LWIP\lwip-1.4.1\src\core\pbuf.c: 1 warning, 0 errors
compiling raw.c...
compiling stats.c...
compiling tcp.c...
compiling tcp_in.c...
compiling tcp_out.c...
compiling timers.c...
..\LWIP\arch/sys_arch.h(17): warning:  #1-D: last line of file ends without a newline
  #endif
..\LWIP\lwip-1.4.1\src\core\timers.c: 1 warning, 0 errors
compiling udp.c...
compiling api_lib.c...
..\LWIP\arch/sys_arch.h(17): warning:  #1-D: last line of file ends without a newline
  #endif
..\LWIP\lwip-1.4.1\src\api\api_lib.c: 1 warning, 0 errors
compiling api_msg.c...
..\LWIP\arch/sys_arch.h(17): warning:  #1-D: last line of file ends without a newline
  #endif
..\LWIP\lwip-1.4.1\src\api\api_msg.c: 1 warning, 0 errors
compiling err.c...
compiling netbuf.c...
compiling netdb.c...
compiling netifapi.c...
compiling sockets.c...
..\LWIP\arch/sys_arch.h(17): warning:  #1-D: last line of file ends without a newline
  #endif
..\LWIP\lwip-1.4.1\src\api\sockets.c: 1 warning, 0 errors
compiling tcpip.c...
..\LWIP\arch/sys_arch.h(17): warning:  #1-D: last line of file ends without a newline
  #endif
..\LWIP\lwip-1.4.1\src\api\tcpip.c: 1 warning, 0 errors
compiling sys_arch.c...
..\LWIP\arch/sys_arch.h(17): warning:  #1-D: last line of file ends without a newline
  #endif
..\LWIP\arch\sys_arch.c(270): warning:  #1-D: last line of file ends without a newline
  }
..\LWIP\arch\sys_arch.c: 2 warnings, 0 errors
compiling lwip_comm.c...
..\LWIP\arch/sys_arch.h(17): warning:  #1-D: last line of file ends without a newline
  #endif
..\LWIP\lwip_app\lwip_comm\lwip_comm.c: 1 warning, 0 errors
compiling udp_u.c...
..\LWIP\arch/sys_arch.h(17): warning:  #1-D: last line of file ends without a newline
  #endif
..\UCOSTASK\task.h(140): warning:  #1-D: last line of file ends without a newline
  extern int isDormancy;
..\LWIP\lwip_app\udp_u.c: 2 warnings, 0 errors
compiling usmart.c...
compiling usmart_config.c...
compiling usmart_str.c...
compiling task.c...
..\UCOSTASK\task.h(140): warning:  #1-D: last line of file ends without a newline
  extern int isDormancy;
..\UCOSTASK\task.c(173): warning:  #177-D: variable "cpu_sr" was declared but never referenced
        CPU_SR_ALLOC();
..\UCOSTASK\task.c(381): warning:  #1-D: last line of file ends without a newline
  }
..\UCOSTASK\task.c: 3 warnings, 0 errors
linking...
Program Size: Code=106560 RO-data=8132 RW-data=936 ZI-data=272736  
FromELF: creating hex file...
"..\OBJ\UC.axf" - 0 Error(s), 22 Warning(s).

<h2>Collection of Component include folders:</h2>
  D:\Users\QAQ\Desktop\temp\tem_project\USER\RTE
  D:\Keil_v5\ARM\PACK\Keil\STM32F1xx_DFP\1.0.5\Device\Include

<h2>Collection of Component Files used:</h2>
</pre>
</body>
</html>
