Component: ARM Compiler 5.05 update 1 (build 106) Tool: armlink [4d0efa]

==============================================================================

Section Cross References

    startup_stm32f10x_hd.o(RESET) refers to startup_stm32f10x_hd.o(STACK) for __initial_sp
    startup_stm32f10x_hd.o(RESET) refers to startup_stm32f10x_hd.o(.text) for Reset_Handler
    startup_stm32f10x_hd.o(RESET) refers to stm32f10x_it.o(i.NMI_Handler) for NMI_Handler
    startup_stm32f10x_hd.o(RESET) refers to stm32f10x_it.o(i.HardFault_Handler) for HardFault_Handler
    startup_stm32f10x_hd.o(RESET) refers to stm32f10x_it.o(i.MemManage_Handler) for MemManage_Handler
    startup_stm32f10x_hd.o(RESET) refers to stm32f10x_it.o(i.BusFault_Handler) for BusFault_Handler
    startup_stm32f10x_hd.o(RESET) refers to stm32f10x_it.o(i.UsageFault_Handler) for UsageFault_Handler
    startup_stm32f10x_hd.o(RESET) refers to stm32f10x_it.o(i.SVC_Handler) for SVC_Handler
    startup_stm32f10x_hd.o(RESET) refers to stm32f10x_it.o(i.DebugMon_Handler) for DebugMon_Handler
    startup_stm32f10x_hd.o(RESET) refers to os_cpu_a.o(CODE) for PendSV_Handler
    startup_stm32f10x_hd.o(RESET) refers to delay.o(i.SysTick_Handler) for SysTick_Handler
    startup_stm32f10x_hd.o(RESET) refers to exti.o(i.EXTI0_IRQHandler) for EXTI0_IRQHandler
    startup_stm32f10x_hd.o(RESET) refers to dm9000.o(i.EXTI9_5_IRQHandler) for EXTI9_5_IRQHandler
    startup_stm32f10x_hd.o(RESET) refers to usmart.o(i.TIM2_IRQHandler) for TIM2_IRQHandler
    startup_stm32f10x_hd.o(RESET) refers to usart.o(i.USART1_IRQHandler) for USART1_IRQHandler
    startup_stm32f10x_hd.o(.text) refers to entry.o(.ARM.Collect$$$$00000000) for __main
    main.o(i.main) refers to sys.o(i.Stm32_Clock_Init) for Stm32_Clock_Init
    main.o(i.main) refers to delay.o(i.delay_init) for delay_init
    main.o(i.main) refers to usart.o(i.uart_init) for uart_init
    main.o(i.main) refers to sys.o(i.MY_NVIC_PriorityGroupConfig) for MY_NVIC_PriorityGroupConfig
    main.o(i.main) refers to sram.o(i.FSMC_SRAM_Init) for FSMC_SRAM_Init
    main.o(i.main) refers to led.o(i.LED_Init) for LED_Init
    main.o(i.main) refers to lcd.o(i.LCD_Init) for LCD_Init
    main.o(i.main) refers to beep.o(i.BEEP_Init) for BEEP_Init
    main.o(i.main) refers to exti.o(i.EXTIX_Init) for EXTIX_Init
    main.o(i.main) refers to malloc.o(i.my_mem_init) for my_mem_init
    main.o(i.main) refers to adc.o(i.Adc_Init) for Adc_Init
    main.o(i.main) refers to lcd.o(i.LCD_ShowString) for LCD_ShowString
    main.o(i.main) refers to os_core.o(i.OSInit) for OSInit
    main.o(i.main) refers to delay.o(i.delay_ms) for delay_ms
    main.o(i.main) refers to lcd.o(i.LCD_Fill) for LCD_Fill
    main.o(i.main) refers to lwip_comm.o(i.lwip_comm_init) for lwip_comm_init
    main.o(i.main) refers to udp_u.o(i.user_udp_init) for user_udp_init
    main.o(i.main) refers to cpu_a.o(.text) for CPU_SR_Save
    main.o(i.main) refers to os_task.o(i.OSTaskCreate) for OSTaskCreate
    main.o(i.main) refers to os_core.o(i.OS_Sched0) for OS_Sched0
    main.o(i.main) refers to os_core.o(i.OSStart) for OSStart
    main.o(i.main) refers to lcd.o(.data) for POINT_COLOR
    main.o(i.main) refers to os_var.o(.data) for OSSchedLockNestingCtr
    main.o(i.main) refers to task.o(.bss) for START_TASK_STK
    main.o(i.main) refers to main.o(i.start_task) for start_task
    main.o(i.start_task) refers to cpu_core.o(i.CPU_Init) for CPU_Init
    main.o(i.start_task) refers to os_stat.o(i.OSStatTaskCPUUsageInit) for OSStatTaskCPUUsageInit
    main.o(i.start_task) refers to os_core.o(i.OSSchedRoundRobinCfg) for OSSchedRoundRobinCfg
    main.o(i.start_task) refers to cpu_a.o(.text) for CPU_SR_Save
    main.o(i.start_task) refers to os_q.o(i.OSQCreate) for OSQCreate
    main.o(i.start_task) refers to os_sem.o(i.OSSemCreate) for OSSemCreate
    main.o(i.start_task) refers to os_task.o(i.OSTaskCreate) for OSTaskCreate
    main.o(i.start_task) refers to os_sem.o(i.OSSemPost) for OSSemPost
    main.o(i.start_task) refers to os_task.o(i.OSTaskSuspend) for OSTaskSuspend
    main.o(i.start_task) refers to os_core.o(i.OS_Sched0) for OS_Sched0
    main.o(i.start_task) refers to os_var.o(.data) for OSSchedLockNestingCtr
    main.o(i.start_task) refers to task.o(.bss) for DATA_Msg
    main.o(i.start_task) refers to task.o(i.dhcp_start_task) for dhcp_start_task
    main.o(i.start_task) refers to task.o(i.led0_task) for led0_task
    system_stm32f10x.o(i.SetSysClock) refers to system_stm32f10x.o(i.SetSysClockTo72) for SetSysClockTo72
    system_stm32f10x.o(i.SystemCoreClockUpdate) refers to system_stm32f10x.o(.data) for SystemCoreClock
    system_stm32f10x.o(i.SystemInit) refers to system_stm32f10x.o(i.SetSysClock) for SetSysClock
    delay.o(i.SysTick_Handler) refers to os_core.o(i.OSIntEnter) for OSIntEnter
    delay.o(i.SysTick_Handler) refers to os_time.o(i.OSTimeTick) for OSTimeTick
    delay.o(i.SysTick_Handler) refers to os_core.o(i.OSIntExit) for OSIntExit
[...]
    user_udp_init                            0x08018f9d   Thumb Code   194  udp_u.o(i.user_udp_init)
    usmart_cmd_rec                           0x08019085   Thumb Code   170  usmart.o(i.usmart_cmd_rec)
    usmart_exe                               0x08019135   Thumb Code   632  usmart.o(i.usmart_exe)
    usmart_get_aparm                         0x08019409   Thumb Code   200  usmart_str.o(i.usmart_get_aparm)
    usmart_get_cmdname                       0x080194d1   Thumb Code    54  usmart_str.o(i.usmart_get_cmdname)
    usmart_get_fname                         0x08019509   Thumb Code   440  usmart_str.o(i.usmart_get_fname)
    usmart_get_fparam                        0x080196c9   Thumb Code   262  usmart_str.o(i.usmart_get_fparam)
    usmart_get_parmpos                       0x080197d5   Thumb Code    26  usmart_str.o(i.usmart_get_parmpos)
    usmart_get_runtime                       0x080197f5   Thumb Code    58  usmart.o(i.usmart_get_runtime)
    usmart_init                              0x08019835   Thumb Code    36  usmart.o(i.usmart_init)
    usmart_pow                               0x0801985d   Thumb Code    22  usmart_str.o(i.usmart_pow)
    usmart_reset_runtime                     0x08019875   Thumb Code    34  usmart.o(i.usmart_reset_runtime)
    usmart_scan                              0x0801989d   Thumb Code   120  usmart.o(i.usmart_scan)
    usmart_search_nextc                      0x08019959   Thumb Code    22  usmart_str.o(i.usmart_search_nextc)
    usmart_str2num                           0x0801996f   Thumb Code   202  usmart_str.o(i.usmart_str2num)
    usmart_strcmp                            0x08019a39   Thumb Code    34  usmart_str.o(i.usmart_strcmp)
    usmart_strcopy                           0x08019a5b   Thumb Code    22  usmart_str.o(i.usmart_strcopy)
    usmart_strlen                            0x08019a71   Thumb Code    24  usmart_str.o(i.usmart_strlen)
    usmart_sys_cmd_exe                       0x08019a89   Thumb Code  1554  usmart.o(i.usmart_sys_cmd_exe)
    write_addr                               0x0801a16d   Thumb Code     4  usmart.o(i.write_addr)
    asc2_1206                                0x0801a170   Data        1140  lcd.o(.constdata)
    asc2_1608                                0x0801a5e4   Data        1520  lcd.o(.constdata)
    asc2_2412                                0x0801abd4   Data        3420  lcd.o(.constdata)
    OSCfg_IdleTaskStkBasePtr                 0x0801b930   Data           4  os_cfg_app.o(.constdata)
    OSCfg_IdleTaskStkLimit                   0x0801b934   Data           4  os_cfg_app.o(.constdata)
    OSCfg_IdleTaskStkSize                    0x0801b938   Data           4  os_cfg_app.o(.constdata)
    OSCfg_IdleTaskStkSizeRAM                 0x0801b93c   Data           4  os_cfg_app.o(.constdata)
    OSCfg_IntQBasePtr                        0x0801b940   Data           4  os_cfg_app.o(.constdata)
    OSCfg_IntQSize                           0x0801b944   Data           2  os_cfg_app.o(.constdata)
    OSCfg_IntQSizeRAM                        0x0801b948   Data           4  os_cfg_app.o(.constdata)
    OSCfg_IntQTaskStkBasePtr                 0x0801b94c   Data           4  os_cfg_app.o(.constdata)
    OSCfg_IntQTaskStkLimit                   0x0801b950   Data           4  os_cfg_app.o(.constdata)
    OSCfg_IntQTaskStkSize                    0x0801b954   Data           4  os_cfg_app.o(.constdata)
    OSCfg_IntQTaskStkSizeRAM                 0x0801b958   Data           4  os_cfg_app.o(.constdata)
    OSCfg_ISRStkBasePtr                      0x0801b95c   Data           4  os_cfg_app.o(.constdata)
    OSCfg_ISRStkSize                         0x0801b960   Data           4  os_cfg_app.o(.constdata)
    OSCfg_ISRStkSizeRAM                      0x0801b964   Data           4  os_cfg_app.o(.constdata)
    OSCfg_MsgPoolSize                        0x0801b968   Data           2  os_cfg_app.o(.constdata)
    OSCfg_MsgPoolSizeRAM                     0x0801b96c   Data           4  os_cfg_app.o(.constdata)
    OSCfg_MsgPoolBasePtr                     0x0801b970   Data           4  os_cfg_app.o(.constdata)
    OSCfg_StatTaskPrio                       0x0801b974   Data           1  os_cfg_app.o(.constdata)
    OSCfg_StatTaskRate_Hz                    0x0801b978   Data           4  os_cfg_app.o(.constdata)
    OSCfg_StatTaskStkBasePtr                 0x0801b97c   Data           4  os_cfg_app.o(.constdata)
    OSCfg_StatTaskStkLimit                   0x0801b980   Data           4  os_cfg_app.o(.constdata)
    OSCfg_StatTaskStkSize                    0x0801b984   Data           4  os_cfg_app.o(.constdata)
    OSCfg_StatTaskStkSizeRAM                 0x0801b988   Data           4  os_cfg_app.o(.constdata)
    OSCfg_StkSizeMin                         0x0801b98c   Data           4  os_cfg_app.o(.constdata)
    OSCfg_TickRate_Hz                        0x0801b990   Data           4  os_cfg_app.o(.constdata)
    OSCfg_TickTaskPrio                       0x0801b994   Data           1  os_cfg_app.o(.constdata)
    OSCfg_TickTaskStkBasePtr                 0x0801b998   Data           4  os_cfg_app.o(.constdata)
    OSCfg_TickTaskStkLimit                   0x0801b99c   Data           4  os_cfg_app.o(.constdata)
    OSCfg_TickTaskStkSize                    0x0801b9a0   Data           4  os_cfg_app.o(.constdata)
    OSCfg_TickTaskStkSizeRAM                 0x0801b9a4   Data           4  os_cfg_app.o(.constdata)
    OSCfg_TickWheelSize                      0x0801b9a8   Data           2  os_cfg_app.o(.constdata)
    OSCfg_TickWheelSizeRAM                   0x0801b9ac   Data           4  os_cfg_app.o(.constdata)
    OSCfg_TmrTaskPrio                        0x0801b9b0   Data           1  os_cfg_app.o(.constdata)
    OSCfg_TmrTaskRate_Hz                     0x0801b9b4   Data           4  os_cfg_app.o(.constdata)
    OSCfg_TmrTaskStkBasePtr                  0x0801b9b8   Data           4  os_cfg_app.o(.constdata)
    OSCfg_TmrTaskStkLimit                    0x0801b9bc   Data           4  os_cfg_app.o(.constdata)
    OSCfg_TmrTaskStkSize                     0x0801b9c0   Data           4  os_cfg_app.o(.constdata)
    OSCfg_TmrTaskStkSizeRAM                  0x0801b9c4   Data           4  os_cfg_app.o(.constdata)
    OSCfg_TmrWheelSize                       0x0801b9c8   Data           2  os_cfg_app.o(.constdata)
    OSCfg_TmrWheelSizeRAM                    0x0801b9cc   Data           4  os_cfg_app.o(.constdata)
    OSCfg_DataSizeRAM                        0x0801b9d0   Data           4  os_cfg_app.o(.constdata)
    OSDbg_DbgEn                              0x0801b9d4   Data           2  os_dbg.o(.constdata)
    OSDbg_ArgChkEn                           0x0801b9d6   Data           1  os_dbg.o(.constdata)
    OSDbg_AppHooksEn                         0x0801b9d7   Data           1  os_dbg.o(.constdata)
    OSDbg_EndiannessTest                     0x0801b9d8   Data           4  os_dbg.o(.constdata)
    OSDbg_CalledFromISRChkEn                 0x0801b9dc   Data           1  os_dbg.o(.constdata)
    OSDbg_FlagEn                             0x0801b9dd   Data           1  os_dbg.o(.constdata)
    OSDbg_FlagGrp                            0x0801b9e0   Data          40  os_dbg.o(.constdata)
    OSDbg_FlagDelEn                          0x0801ba08   Data           1  os_dbg.o(.constdata)
    OSDbg_FlagModeClrEn                      0x0801ba09   Data           1  os_dbg.o(.constdata)
    OSDbg_FlagPendAbortEn                    0x0801ba0a   Data           1  os_dbg.o(.constdata)
    OSDbg_FlagGrpSize                        0x0801ba0c   Data           2  os_dbg.o(.constdata)
    OSDbg_FlagWidth                          0x0801ba0e   Data           2  os_dbg.o(.constdata)
    OSDbg_IntQ                               0x0801ba10   Data           2  os_dbg.o(.constdata)
    OSDbg_ISRPostDeferredEn                  0x0801ba12   Data           1  os_dbg.o(.constdata)
    OSDbg_Mem                                0x0801ba14   Data          32  os_dbg.o(.constdata)
    OSDbg_MemEn                              0x0801ba34   Data           1  os_dbg.o(.constdata)
    OSDbg_MemSize                            0x0801ba36   Data           2  os_dbg.o(.constdata)
    OSDbg_MsgEn                              0x0801ba38   Data           1  os_dbg.o(.constdata)
    OSDbg_MsgSize                            0x0801ba3a   Data           2  os_dbg.o(.constdata)
    OSDbg_MsgPoolSize                        0x0801ba3c   Data           2  os_dbg.o(.constdata)
    OSDbg_MsgQSize                           0x0801ba3e   Data           2  os_dbg.o(.constdata)
    OSDbg_Mutex                              0x0801ba40   Data          44  os_dbg.o(.constdata)
    OSDbg_MutexEn                            0x0801ba6c   Data           1  os_dbg.o(.constdata)
    OSDbg_MutexDelEn                         0x0801ba6d   Data           1  os_dbg.o(.constdata)
    OSDbg_MutexPendAbortEn                   0x0801ba6e   Data           1  os_dbg.o(.constdata)
    OSDbg_MutexSize                          0x0801ba70   Data           2  os_dbg.o(.constdata)
    OSDbg_ObjTypeChkEn                       0x0801ba72   Data           1  os_dbg.o(.constdata)
    OSDbg_PendMultiEn                        0x0801ba73   Data           1  os_dbg.o(.constdata)
    OSDbg_PendDataSize                       0x0801ba74   Data           2  os_dbg.o(.constdata)
    OSDbg_PendListSize                       0x0801ba76   Data           2  os_dbg.o(.constdata)
    OSDbg_PendObjSize                        0x0801ba78   Data           2  os_dbg.o(.constdata)
    OSDbg_PrioMax                            0x0801ba7a   Data           2  os_dbg.o(.constdata)
    OSDbg_PrioTblSize                        0x0801ba7c   Data           2  os_dbg.o(.constdata)
    OSDbg_PtrSize                            0x0801ba7e   Data           2  os_dbg.o(.constdata)
    OSDbg_Q                                  0x0801ba80   Data          48  os_dbg.o(.constdata)
    OSDbg_QEn                                0x0801bab0   Data           1  os_dbg.o(.constdata)
    OSDbg_QDelEn                             0x0801bab1   Data           1  os_dbg.o(.constdata)
    OSDbg_QFlushEn                           0x0801bab2   Data           1  os_dbg.o(.constdata)
    OSDbg_QPendAbortEn                       0x0801bab3   Data           1  os_dbg.o(.constdata)
    OSDbg_QSize                              0x0801bab4   Data           2  os_dbg.o(.constdata)
    OSDbg_SchedRoundRobinEn                  0x0801bab6   Data           1  os_dbg.o(.constdata)
    OSDbg_Sem                                0x0801bab8   Data          40  os_dbg.o(.constdata)
    OSDbg_SemEn                              0x0801bae0   Data           1  os_dbg.o(.constdata)
    OSDbg_SemDelEn                           0x0801bae1   Data           1  os_dbg.o(.constdata)
    OSDbg_SemPendAbortEn                     0x0801bae2   Data           1  os_dbg.o(.constdata)
    OSDbg_SemSetEn                           0x0801bae3   Data           1  os_dbg.o(.constdata)
    OSDbg_SemSize                            0x0801bae4   Data           2  os_dbg.o(.constdata)
    OSDbg_RdyList                            0x0801bae6   Data           2  os_dbg.o(.constdata)
    OSDbg_RdyListSize                        0x0801bae8   Data           4  os_dbg.o(.constdata)
    OSDbg_StkWidth                           0x0801baec   Data           1  os_dbg.o(.constdata)
    OSDbg_StatTaskEn                         0x0801baed   Data           1  os_dbg.o(.constdata)
    OSDbg_StatTaskStkChkEn                   0x0801baee   Data           1  os_dbg.o(.constdata)
    OSDbg_TaskChangePrioEn                   0x0801baef   Data           1  os_dbg.o(.constdata)
    OSDbg_TaskDelEn                          0x0801baf0   Data           1  os_dbg.o(.constdata)
    OSDbg_TaskQEn                            0x0801baf1   Data           1  os_dbg.o(.constdata)
    OSDbg_TaskQPendAbortEn                   0x0801baf2   Data           1  os_dbg.o(.constdata)
    OSDbg_TaskProfileEn                      0x0801baf3   Data           1  os_dbg.o(.constdata)
    OSDbg_TaskRegTblSize                     0x0801baf4   Data           2  os_dbg.o(.constdata)
    OSDbg_TaskSemPendAbortEn                 0x0801baf6   Data           1  os_dbg.o(.constdata)
    OSDbg_TaskSuspendEn                      0x0801baf7   Data           1  os_dbg.o(.constdata)
    OSDbg_TCBSize                            0x0801baf8   Data           2  os_dbg.o(.constdata)
    OSDbg_TickSpokeSize                      0x0801bafa   Data           2  os_dbg.o(.constdata)
    OSDbg_TimeDlyHMSMEn                      0x0801bafc   Data           1  os_dbg.o(.constdata)
    OSDbg_TimeDlyResumeEn                    0x0801bafd   Data           1  os_dbg.o(.constdata)
    OSDbg_TLS_TblSize                        0x0801bafe   Data           2  os_dbg.o(.constdata)
    OSDbg_Tmr                                0x0801bb00   Data          52  os_dbg.o(.constdata)
    OSDbg_TmrEn                              0x0801bb34   Data           1  os_dbg.o(.constdata)
    OSDbg_TmrDelEn                           0x0801bb35   Data           1  os_dbg.o(.constdata)
    OSDbg_TmrSize                            0x0801bb36   Data           2  os_dbg.o(.constdata)
    OSDbg_TmrSpokeSize                       0x0801bb38   Data           2  os_dbg.o(.constdata)
    OSDbg_VersionNbr                         0x0801bb3a   Data           2  os_dbg.o(.constdata)
    OSDbg_DataSize                           0x0801bb3c   Data           4  os_dbg.o(.constdata)
    memtblsize                               0x0801bb40   Data           8  malloc.o(.constdata)
    memblksize                               0x0801bb48   Data           8  malloc.o(.constdata)
    memsize                                  0x0801bb50   Data           8  malloc.o(.constdata)
    ethbroadcast                             0x0801bb58   Data           6  etharp.o(.constdata)
    ethzero                                  0x0801bb5e   Data           6  etharp.o(.constdata)
    ip_addr_any                              0x0801bb64   Data           4  ip_addr.o(.constdata)
    ip_addr_broadcast                        0x0801bb68   Data           4  ip_addr.o(.constdata)
    tcp_state_str                            0x0801bba4   Data          44  tcp.o(.constdata)
    tcp_backoff                              0x0801bbd0   Data          13  tcp.o(.constdata)
    tcp_persist_backoff                      0x0801bbdd   Data           7  tcp.o(.constdata)
    tcp_pcb_lists                            0x0801bbe4   Data          16  tcp.o(.constdata)
    pvNullPointer                            0x0801bbf4   Data           4  sys_arch.o(.constdata)
    __ctype_table                            0x0801bbf8   Data         129  ctype_o.o(.constdata)
    Region$$Table$$Base                      0x0801bfe4   Number         0  anon$$obj.o(Region$$Table)
    Region$$Table$$Limit                     0x0801c004   Number         0  anon$$obj.o(Region$$Table)
    __stdout                                 0x20000004   Data           4  usart.o(.data)
    USART_RX_STA                             0x20000008   Data           2  usart.o(.data)
    POINT_COLOR                              0x2000000a   Data           2  lcd.o(.data)
    BACK_COLOR                               0x2000000c   Data           2  lcd.o(.data)
    OSPrioTbl                                0x20000010   Data           8  os_prio.o(.data)
    OS_AppTaskCreateHookPtr                  0x20000018   Data           4  os_var.o(.data)
    OS_AppTaskDelHookPtr                     0x2000001c   Data           4  os_var.o(.data)
    OS_AppTaskReturnHookPtr                  0x20000020   Data           4  os_var.o(.data)
    OS_AppIdleTaskHookPtr                    0x20000024   Data           4  os_var.o(.data)
    OS_AppStatTaskHookPtr                    0x20000028   Data           4  os_var.o(.data)
    OS_AppTaskSwHookPtr                      0x2000002c   Data           4  os_var.o(.data)
    OS_AppTimeTickHookPtr                    0x20000030   Data           4  os_var.o(.data)
    OSIdleTaskCtr                            0x20000034   Data           4  os_var.o(.data)
    OSIntNestingCtr                          0x20000038   Data           1  os_var.o(.data)
    OSRunning                                0x20000039   Data           1  os_var.o(.data)
    OSIntQInPtr                              0x2000003c   Data           4  os_var.o(.data)
    OSIntQOutPtr                             0x20000040   Data           4  os_var.o(.data)
    OSIntQNbrEntries                         0x20000044   Data           2  os_var.o(.data)
    OSIntQNbrEntriesMax                      0x20000046   Data           2  os_var.o(.data)
    OSIntQOvfCtr                             0x20000048   Data           2  os_var.o(.data)
    OSIntQTaskTimeMax                        0x2000004c   Data           4  os_var.o(.data)
    OSFlagDbgListPtr                         0x20000050   Data           4  os_var.o(.data)
    OSFlagQty                                0x20000054   Data           2  os_var.o(.data)
    OSMemDbgListPtr                          0x20000058   Data           4  os_var.o(.data)
    OSMemQty                                 0x2000005c   Data           2  os_var.o(.data)
    OSMutexDbgListPtr                        0x20000060   Data           4  os_var.o(.data)
    OSMutexQty                               0x20000064   Data           2  os_var.o(.data)
    OSPrioCur                                0x20000066   Data           1  os_var.o(.data)
    OSPrioHighRdy                            0x20000067   Data           1  os_var.o(.data)
    OSPrioSaved                              0x20000068   Data           1  os_var.o(.data)
    OSQDbgListPtr                            0x2000006c   Data           4  os_var.o(.data)
    OSQQty                                   0x20000070   Data           2  os_var.o(.data)
    OSSchedLockNestingCtr                    0x20000072   Data           1  os_var.o(.data)
    OSSchedRoundRobinDfltTimeQuanta          0x20000074   Data           4  os_var.o(.data)
    OSSchedRoundRobinEn                      0x20000078   Data           1  os_var.o(.data)
    OSSemDbgListPtr                          0x2000007c   Data           4  os_var.o(.data)
    OSSemQty                                 0x20000080   Data           2  os_var.o(.data)
    OSStatResetFlag                          0x20000082   Data           1  os_var.o(.data)
    OSStatTaskCPUUsage                       0x20000084   Data           2  os_var.o(.data)
    OSStatTaskCPUUsageMax                    0x20000086   Data           2  os_var.o(.data)
    OSStatTaskCtr                            0x20000088   Data           4  os_var.o(.data)
    OSStatTaskCtrMax                         0x2000008c   Data           4  os_var.o(.data)
    OSStatTaskCtrRun                         0x20000090   Data           4  os_var.o(.data)
    OSStatTaskRdy                            0x20000094   Data           1  os_var.o(.data)
    OSStatTaskTimeMax                        0x20000098   Data           4  os_var.o(.data)
    OSTaskCtxSwCtr                           0x2000009c   Data           4  os_var.o(.data)
    OSTaskDbgListPtr                         0x200000a0   Data           4  os_var.o(.data)
    OSTaskQty                                0x200000a4   Data           2  os_var.o(.data)
    OSTaskRegNextAvailID                     0x200000a6   Data           1  os_var.o(.data)
    OSTickCtr                                0x200000a8   Data           4  os_var.o(.data)
    OSTickTaskTimeMax                        0x200000ac   Data           4  os_var.o(.data)
    OSTmrDbgListPtr                          0x200000b0   Data           4  os_var.o(.data)
    OSTmrQty                                 0x200000b4   Data           2  os_var.o(.data)
    OSTmrTaskTimeMax                         0x200000b8   Data           4  os_var.o(.data)
    OSTmrTickCtr                             0x200000bc   Data           4  os_var.o(.data)
    OSTmrUpdateCnt                           0x200000c0   Data           4  os_var.o(.data)
    OSTmrUpdateCtr                           0x200000c4   Data           4  os_var.o(.data)
    OSTCBCurPtr                              0x200000c8   Data           4  os_var.o(.data)
    OSTCBHighRdyPtr                          0x200000cc   Data           4  os_var.o(.data)
    OS_CPU_ExceptStkBase                     0x200000d0   Data           4  os_cpu_c.o(.data)
    mallco_dev                               0x200000d4   Data          28  malloc.o(.data)
    current_netif                            0x200000f4   Data           4  ip.o(.data)
    current_header                           0x200000f8   Data           4  ip.o(.data)
    current_iphdr_src                        0x200000fc   Data           4  ip.o(.data)
    current_iphdr_dest                       0x20000100   Data           4  ip.o(.data)
    ram_heap                                 0x20000114   Data           4  mem.o(.data)
    memp_memory                              0x2000015c   Data           4  memp.o(.data)
    netif_list                               0x20000160   Data           4  netif.o(.data)
    netif_default                            0x20000164   Data           4  netif.o(.data)
    pbuf_free_ooseq_pending                  0x20000169   Data           1  pbuf.o(.data)
    tcp_ticks                                0x20000174   Data           4  tcp.o(.data)
    tcp_bound_pcbs                           0x20000178   Data           4  tcp.o(.data)
    tcp_listen_pcbs                          0x2000017c   Data           4  tcp.o(.data)
    tcp_active_pcbs                          0x20000180   Data           4  tcp.o(.data)
    tcp_tw_pcbs                              0x20000184   Data           4  tcp.o(.data)
    tcp_tmp_pcb                              0x20000188   Data           4  tcp.o(.data)
    tcp_active_pcbs_changed                  0x2000018c   Data           1  tcp.o(.data)
    tcp_input_pcb                            0x200001b0   Data           4  tcp_in.o(.data)
    udp_pcbs                                 0x200001c0   Data           4  udp.o(.data)
    LWIP_DHCP_TASK_STK                       0x200001cc   Data           4  lwip_comm.o(.data)
    LWIP_DM9000_INPUT_TASK_STK               0x200001d0   Data           4  lwip_comm.o(.data)
    TCPIP_THREAD_TASK_STK                    0x200001d4   Data           4  lwip_comm.o(.data)
    udp_sendbuf                              0x200001d8   Data         100  udp_u.o(.data)
    udp_flag                                 0x2000023c   Data           1  udp_u.o(.data)
    sys_cmd_tab                              0x2000024c   Data          28  usmart.o(.data)
    usmart_nametab                           0x20000268   Data          64  usmart_config.o(.data)
    usmart_dev                               0x200002a8   Data         244  usmart_config.o(.data)
    LIMIT_MAX                                0x2000039c   Data           2  task.o(.data)
    LIMIT_MIN                                0x2000039e   Data           2  task.o(.data)
    isHotOver                                0x200003a0   Data           4  task.o(.data)
    isDormancy                               0x200003a4   Data           4  task.o(.data)
    USART_RX_BUF                             0x200003a8   Data         200  usart.o(.bss)
    dm9000cfg                                0x20000470   Data          18  dm9000.o(.bss)
    lcddev                                   0x20000482   Data          14  lcd.o(.bss)
    CPU_Name                                 0x20000490   Data          16  cpu_core.o(.bss)
    OSCfg_IdleTaskStk                        0x200004a0   Data         512  os_cfg_app.o(.bss)
    OSCfg_IntQ                               0x200006a0   Data         320  os_cfg_app.o(.bss)
    OSCfg_IntQTaskStk                        0x200007e0   Data         512  os_cfg_app.o(.bss)
    OSCfg_ISRStk                             0x200009e0   Data         512  os_cfg_app.o(.bss)
    OSCfg_MsgPool                            0x20000be0   Data        1600  os_cfg_app.o(.bss)
    OSCfg_StatTaskStk                        0x20001220   Data         512  os_cfg_app.o(.bss)
    OSCfg_TickTaskStk                        0x20001420   Data         512  os_cfg_app.o(.bss)
    OSCfg_TickWheel                          0x20001620   Data         136  os_cfg_app.o(.bss)
    OSCfg_TmrTaskStk                         0x200016a8   Data         512  os_cfg_app.o(.bss)
    OSCfg_TmrWheel                           0x200018a8   Data         136  os_cfg_app.o(.bss)
    OSIdleTaskTCB                            0x20001930   Data         192  os_var.o(.bss)
    OSIntQTaskTCB                            0x200019f0   Data         192  os_var.o(.bss)
    OSMsgPool                                0x20001ab0   Data          12  os_var.o(.bss)
    OSRdyList                                0x20001abc   Data         768  os_var.o(.bss)
    OSStatTaskTCB                            0x20001dbc   Data         192  os_var.o(.bss)
    OSTickTaskTCB                            0x20001e7c   Data         192  os_var.o(.bss)
    OSTmrTaskTCB                             0x20001f3c   Data         192  os_var.o(.bss)
    mem1base                                 0x20001ffc   Data       40960  malloc.o(.bss)
    mem1mapbase                              0x2000bffc   Data        2560  malloc.o(.bss)
    dhcp_rx_options_val                      0x2000cac4   Data          40  dhcp.o(.bss)
    dhcp_rx_options_given                    0x2000caec   Data          10  dhcp.o(.bss)
    TcpipthreadTaskTCB                       0x2000cb9c   Data         192  sys_arch.o(.bss)
    LwipdhcpTaskTCP                          0x2000cc5c   Data         192  lwip_comm.o(.bss)
    LWIP_DM9000TCB                           0x2000cd1c   Data         192  lwip_comm.o(.bss)
    LwipTaskTCP                              0x2000cddc   Data         192  lwip_comm.o(.bss)
    dm9000input                              0x2000ce9c   Data          40  lwip_comm.o(.bss)
    dm9000lock                               0x2000cec4   Data          44  lwip_comm.o(.bss)
    lwipdev                                  0x2000cef0   Data          23  lwip_comm.o(.bss)
    lwip_netif                               0x2000cf08   Data          52  lwip_comm.o(.bss)
    UDP_TASK_STK                             0x2000cf3c   Data        1200  udp_u.o(.bss)
    UdpTheardTCP                             0x2000d3ec   Data         192  udp_u.o(.bss)
    udp_recvbuf                              0x2000d4ac   Data        2000  udp_u.o(.bss)
    Led0TaskTCB                              0x2000dc7c   Data         192  task.o(.bss)
    LED0_TASK_STK                            0x2000dd3c   Data         512  task.o(.bss)
    DisplayTaskTCB                           0x2000df3c   Data         192  task.o(.bss)
    DISPLAY_TASK_STK                         0x2000dffc   Data         512  task.o(.bss)
    StartTaskTCB                             0x2000e1fc   Data         192  task.o(.bss)
    START_TASK_STK                           0x2000e2bc   Data        2048  task.o(.bss)
    SendUdpTCB                               0x2000eabc   Data         192  task.o(.bss)
    SEND_UDP_TASK_STK                        0x2000eb7c   Data         512  task.o(.bss)
    CapTempTCB                               0x2000ed7c   Data         192  task.o(.bss)
    CAP_TEMP_TASK_STK                        0x2000ee3c   Data         512  task.o(.bss)
    CheckTempTCB                             0x2000f03c   Data         192  task.o(.bss)
    CHECK_TEMP_TASK_STK                      0x2000f0fc   Data         512  task.o(.bss)
    DhcpStartTCB                             0x2000f2fc   Data         192  task.o(.bss)
    DHCP_START_TASK_STK                      0x2000f3bc   Data         512  task.o(.bss)
    OrderHandleTCB                           0x2000f5bc   Data         192  task.o(.bss)
    ORDER_HANDLE_TASK_STK                    0x2000f67c   Data         512  task.o(.bss)
    ORDER_Msg                                0x2000f87c   Data          48  task.o(.bss)
    DATA_Msg                                 0x2000f8ac   Data          48  task.o(.bss)
    SYN                                      0x2000f8dc   Data          40  task.o(.bss)
    __initial_sp                             0x2000fd08   Data           0  startup_stm32f10x_hd.o(STACK)
    mem2base                                 0x68000000   Data       196608  malloc.o(.ARM.__AT_0x68000000)
    mem2mapbase                              0x68030000   Data       12288  malloc.o(.ARM.__AT_0x68030000)



==============================================================================

Memory Map of the image

  Image Entry point : 0x08000131

  Load Region LR_IROM1 (Base: 0x08000000, Size: 0x0001c3ac, Max: 0x00080000, ABSOLUTE, COMPRESSED[0x0001c0f8])

    Execution Region ER_IROM1 (Base: 0x08000000, Size: 0x0001c004, Max: 0x00080000, ABSOLUTE)

    Base Addr    Size         Type   Attr      Idx    E Section Name        Object

    0x08000000   0x00000130   Data   RO            3    RESET               startup_stm32f10x_hd.o
    0x08000130   0x00000000   Code   RO         5654  * .ARM.Collect$$$$00000000  mc_w.l(entry.o)
    0x08000130   0x00000004   Code   RO         5986    .ARM.Collect$$$$00000001  mc_w.l(entry2.o)
    0x08000134   0x00000004   Code   RO         5989    .ARM.Collect$$$$00000004  mc_w.l(entry5.o)
    0x08000138   0x00000000   Code   RO         5991    .ARM.Collect$$$$00000008  mc_w.l(entry7b.o)
    0x08000138   0x00000000   Code   RO         5993    .ARM.Collect$$$$0000000A  mc_w.l(entry8b.o)
    0x08000138   0x00000008   Code   RO         5994    .ARM.Collect$$$$0000000B  mc_w.l(entry9a.o)
    0x08000140   0x00000000   Code   RO         5996    .ARM.Collect$$$$0000000D  mc_w.l(entry10a.o)
    0x08000140   0x00000000   Code   RO         5998    .ARM.Collect$$$$0000000F  mc_w.l(entry11a.o)
    0x08000140   0x00000004   Code   RO         5987    .ARM.Collect$$$$00002712  mc_w.l(entry2.o)
    0x08000144   0x0000001c   Code   RO            4    .text               startup_stm32f10x_hd.o
    0x08000160   0x00000034   Code   RO          998    .text               cpu_a.o
    0x08000194   0x00000008   Code   RO         5657    .text               mc_w.l(ctype_o.o)
    0x0800019c   0x00000012   Code   RO         5679    .text               mc_w.l(isspace_o.o)
    0x080001ae   0x00000024   Code   RO         5685    .text               mc_w.l(memcpya.o)
    0x080001d2   0x00000024   Code   RO         5687    .text               mc_w.l(memseta.o)
    0x080001f6   0x0000000e   Code   RO         5689    .text               mc_w.l(strlen.o)
    0x08000204   0x0000001c   Code   RO         5691    .text               mc_w.l(strcmp.o)
    0x08000220   0x0000001a   Code   RO         5693    .text               mc_w.l(memcmp.o)
    0x0800023a   0x00000030   Code   RO         5695    .text               mc_w.l(strlcpy.o)
    0x0800026a   0x00000002   PAD
    0x0800026c   0x00000038   Code   RO         5960    .text               mc_w.l(__0sscanf.o)
    0x080002a4   0x0000014c   Code   RO         5962    .text               mc_w.l(_scanf_int.o)
    0x080003f0   0x000000e0   Code   RO         5964    .text               mc_w.l(_scanf_str.o)
    0x080004d0   0x000000b0   Code   RO         5966    .text               mf_w.l(fadd.o)
    0x08000580   0x00000064   Code   RO         5968    .text               mf_w.l(fmul.o)
    0x080005e4   0x0000007c   Code   RO         5970    .text               mf_w.l(fdiv.o)
    0x08000660   0x0000014e   Code   RO         5972    .text               mf_w.l(dadd.o)
    0x080007ae   0x000000e4   Code   RO         5974    .text               mf_w.l(dmul.o)
    0x08000892   0x000000de   Code   RO         5976    .text               mf_w.l(ddiv.o)
    0x08000970   0x0000000a   Code   RO         5978    .text               mf_w.l(ffltui.o)
    0x0800097a   0x00000028   Code   RO         5980    .text               mf_w.l(ffixui.o)
    0x080009a2   0x0000003e   Code   RO         5982    .text               mf_w.l(dfixi.o)
    0x080009e0   0x00000026   Code   RO         5984    .text               mf_w.l(f2d.o)
    0x08000a06   0x00000062   Code   RO         6002    .text               mc_w.l(uldiv.o)
    0x08000a68   0x0000001e   Code   RO         6004    .text               mc_w.l(llshl.o)
    0x08000a86   0x00000020   Code   RO         6006    .text               mc_w.l(llushr.o)
    0x08000aa6   0x00000024   Code   RO         6008    .text               mc_w.l(llsshr.o)
    0x08000aca   0x0000001c   Code   RO         6010    .text               mc_w.l(_chval.o)
    0x08000ae6   0x00000002   PAD
    0x08000ae8   0x00000028   Code   RO         6012    .text               mc_w.l(scanf_char.o)
    0x08000b10   0x00000040   Code   RO         6014    .text               mc_w.l(_sgetc.o)
    0x08000b50   0x00000000   Code   RO         6016    .text               mc_w.l(iusefp.o)
    0x08000b50   0x0000006e   Code   RO         6017    .text               mf_w.l(fepilogue.o)
    0x08000bbe   0x000000ba   Code   RO         6019    .text               mf_w.l(depilogue.o)
    0x08000c78   0x00000024   Code   RO         6025    .text               mc_w.l(init.o)
    0x08000c9c   0x0000032c   Code   RO         6029    .text               mc_w.l(_scanf.o)
    0x08000fc8   0x00000056   Code   RO         6042    .text               mc_w.l(__dczerorl2.o)
    0x0800101e   0x00000002   PAD
    0x08001020   0x00000098   Code   RO         2562    CODE                os_cpu_a.o
    0x080010b8   0x00000144   Code   RO          806    i.Adc_Init          adc.o
    0x080011fc   0x00000038   Code   RO          851    i.BEEP_Init         beep.o
    0x08001234   0x00000004   Code   RO          213    i.BusFault_Handler  stm32f10x_it.o
    0x08001238   0x00000008   Code   RO          904    i.CPU_Init          cpu_core.o
    0x08001240   0x00000030   Code   RO          905    i.CPU_NameClr       cpu_core.o
    0x08001270   0x00000008   Code   RO          907    i.CPU_NameInit      cpu_core.o
    0x08001278   0x0000002c   Code   RO          497    i.DM9000_Get_DeiviceID  dm9000.o
    0x080012a4   0x00000074   Code   RO          498    i.DM9000_Get_SpeedAndDuplex  dm9000.o
    0x08001318   0x000002fc   Code   RO          499    i.DM9000_Init       dm9000.o
    0x08001614   0x0000003c   Code   RO          500    i.DM9000_PHY_ReadReg  dm9000.o
    0x08001650   0x00000038   Code   RO          501    i.DM9000_PHY_WriteReg  dm9000.o
    0x08001688   0x00000014   Code   RO          502    i.DM9000_ReadReg    dm9000.o
    0x0800169c   0x00000210   Code   RO          503    i.DM9000_Receive_Packet  dm9000.o
    0x080018ac   0x0000007c   Code   RO          504    i.DM9000_Reset      dm9000.o
    0x08001928   0x000000c8   Code   RO          505    i.DM9000_SendPacket  dm9000.o
    0x080019f0   0x0000001c   Code   RO          506    i.DM9000_Set_MACAddress  dm9000.o
    0x08001a0c   0x0000001c   Code   RO          507    i.DM9000_Set_Multicast  dm9000.o
    0x08001a28   0x0000005c   Code   RO          508    i.DM9000_Set_PHYMode  dm9000.o
    0x08001a84   0x00000014   Code   RO          509    i.DM9000_WriteReg   dm9000.o
    0x08001a98   0x0000007c   Code   RO          510    i.DMA9000_ISRHandler  dm9000.o
    0x08001b14   0x00000002   Code   RO          214    i.DebugMon_Handler  stm32f10x_it.o
    0x08001b16   0x00000002   PAD
    0x08001b18   0x0000004c   Code   RO          863    i.EXTI0_IRQHandler  exti.o
    0x08001b64   0x00000028   Code   RO          511    i.EXTI9_5_IRQHandler  dm9000.o
    0x08001b8c   0x0000001e   Code   RO          864    i.EXTIX_Init        exti.o
    0x08001baa   0x00000002   PAD
    0x08001bac   0x000000a0   Code   RO          363    i.Ex_NVIC_Config    sys.o
    0x08001c4c   0x00000160   Code   RO          604    i.FSMC_SRAM_Init    sram.o
    0x08001dac   0x00000044   Code   RO          807    i.Get_Adc           adc.o
    0x08001df0   0x0000002e   Code   RO          808    i.Get_Adc_Average   adc.o
    0x08001e1e   0x00000002   PAD
    0x08001e20   0x00000088   Code   RO          809    i.Get_Temprate      adc.o
    0x08001ea8   0x00000004   Code   RO          215    i.HardFault_Handler  stm32f10x_it.o
    0x08001eac   0x0000002c   Code   RO          836    i.KEY_Init          key.o
    0x08001ed8   0x00000034   Code   RO          644    i.LCD_Clear         lcd.o
    0x08001f0c   0x00000070   Code   RO          647    i.LCD_Display_Dir   lcd.o
    0x08001f7c   0x0000005c   Code   RO          649    i.LCD_Fast_DrawPoint  lcd.o
    0x08001fd8   0x00000054   Code   RO          650    i.LCD_Fill          lcd.o
    0x0800202c   0x000010ec   Code   RO          651    i.LCD_Init          lcd.o
    0x08003118   0x00000016   Code   RO          652    i.LCD_Pow           lcd.o
    0x0800312e   0x00000002   PAD
    0x08003130   0x00000014   Code   RO          653    i.LCD_RD_DATA       lcd.o
    0x08003144   0x0000018c   Code   RO          654    i.LCD_Scan_Dir      lcd.o
    0x080032d0   0x0000004c   Code   RO          655    i.LCD_SetCursor     lcd.o
    0x0800331c   0x00000128   Code   RO          657    i.LCD_ShowChar      lcd.o
    0x08003444   0x00000066   Code   RO          659    i.LCD_ShowString    lcd.o
    0x080034aa   0x000000be   Code   RO          660    i.LCD_ShowxNum      lcd.o
    0x08003568   0x0000000c   Code   RO          661    i.LCD_WR_DATA       lcd.o
    0x08003574   0x0000000c   Code   RO          662    i.LCD_WR_REG        lcd.o
    0x08003580   0x00000014   Code   RO          664    i.LCD_WriteRAM_Prepare  lcd.o
    0x08003594   0x00000010   Code   RO          665    i.LCD_WriteReg      lcd.o
    0x080035a4   0x00000070   Code   RO          485    i.LED_Init          led.o
    0x08003614   0x00000068   Code   RO          367    i.MYRCC_DeInit      sys.o
    0x0800367c   0x00000078   Code   RO          368    i.MY_NVIC_Init      sys.o
    0x080036f4   0x00000028   Code   RO          369    i.MY_NVIC_PriorityGroupConfig  sys.o
    0x0800371c   0x00000014   Code   RO          370    i.MY_NVIC_SetVectorTable  sys.o
    0x08003730   0x00000004   Code   RO          216    i.MemManage_Handler  stm32f10x_it.o
    0x08003734   0x00000012   Code   RO         1190    i.Mem_Clr           lib_mem.o
    0x08003746   0x00000054   Code   RO         1206    i.Mem_Set           lib_mem.o
    0x0800379a   0x00000002   Code   RO          217    i.NMI_Handler       stm32f10x_it.o
    0x0800379c   0x000000fc   Code   RO         1459    i.OSCfg_Init        os_cfg_app.o
    0x08003898   0x00000014   Code   RO         2565    i.OSIdleTaskHook    os_cpu_c.o
    0x080038ac   0x00000174   Code   RO         1482    i.OSInit            os_core.o
    0x08003a20   0x00000038   Code   RO         2566    i.OSInitHook        os_cpu_c.o
    0x08003a58   0x0000002c   Code   RO         1483    i.OSIntEnter        os_core.o
    0x08003a84   0x000000e4   Code   RO         1484    i.OSIntExit         os_core.o
    0x08003b68   0x000000c4   Code   RO         1923    i.OSMutexCreate     os_mutex.o
    0x08003c2c   0x000002d8   Code   RO         1925    i.OSMutexPend       os_mutex.o
    0x08003f04   0x00000248   Code   RO         1927    i.OSMutexPost       os_mutex.o
    0x0800414c   0x000000cc   Code   RO         2026    i.OSQCreate         os_q.o
    0x08004218   0x00000178   Code   RO         2027    i.OSQDel            os_q.o
    0x08004390   0x000000e4   Code   RO         2028    i.OSQFlush          os_q.o
    0x08004474   0x00000208   Code   RO         2029    i.OSQPend           os_q.o
    0x0800467c   0x000000b4   Code   RO         2031    i.OSQPost           os_q.o
    0x08004730   0x000000a8   Code   RO         1485    i.OSSched           os_core.o
    0x080047d8   0x00000070   Code   RO         1486    i.OSSchedLock       os_core.o
    0x08004848   0x00000064   Code   RO         1487    i.OSSchedRoundRobinCfg  os_core.o
    0x080048ac   0x00000090   Code   RO         1489    i.OSSchedUnlock     os_core.o
    0x0800493c   0x000000bc   Code   RO         2098    i.OSSemCreate       os_sem.o
    0x080049f8   0x00000178   Code   RO         2099    i.OSSemDel          os_sem.o
    0x08004b70   0x000001e0   Code   RO         2100    i.OSSemPend         os_sem.o
    0x08004d50   0x00000094   Code   RO         2102    i.OSSemPost         os_sem.o
    0x08004de4   0x00000068   Code   RO         1490    i.OSStart           os_core.o
    0x08004e4c   0x00000128   Code   RO         2170    i.OSStatReset       os_stat.o
    0x08004f74   0x000000f0   Code   RO         2171    i.OSStatTaskCPUUsageInit  os_stat.o
    0x08005064   0x00000014   Code   RO         2567    i.OSStatTaskHook    os_cpu_c.o
    0x08005078   0x0000025c   Code   RO         2201    i.OSTaskCreate      os_task.o
    0x080052d4   0x00000018   Code   RO         2568    i.OSTaskCreateHook  os_cpu_c.o
    0x080052ec   0x000001c4   Code   RO         2202    i.OSTaskDel         os_task.o
    0x080054b0   0x00000018   Code   RO         2569    i.OSTaskDelHook     os_cpu_c.o
    0x080054c8   0x0000007c   Code   RO         2210    i.OSTaskResume      os_task.o
    0x08005544   0x00000018   Code   RO         2570    i.OSTaskReturnHook  os_cpu_c.o
    0x0800555c   0x0000020c   Code   RO         2211    i.OSTaskSemPend     os_task.o
    0x08005768   0x000000d4   Code   RO         2215    i.OSTaskStkChk      os_task.o
    0x0800583c   0x000000c0   Code   RO         2571    i.OSTaskStkInit     os_cpu_c.o
    0x080058fc   0x00000060   Code   RO         2216    i.OSTaskSuspend     os_task.o
    0x0800595c   0x00000060   Code   RO         2572    i.OSTaskSwHook      os_cpu_c.o
    0x080059bc   0x00000118   Code   RO         2416    i.OSTimeDly         os_time.o
    0x08005ad4   0x000001f0   Code   RO         2417    i.OSTimeDlyHMSM     os_time.o
    0x08005cc4   0x00000034   Code   RO         2419    i.OSTimeGet         os_time.o
    0x08005cf8   0x0000005c   Code   RO         2421    i.OSTimeTick        os_time.o
    0x08005d54   0x00000014   Code   RO         2573    i.OSTimeTickHook    os_cpu_c.o
    0x08005d68   0x000001b0   Code   RO         1716    i.OS_Dbg_Init       os_dbg.o
    0x08005f18   0x00000018   Code   RO         1741    i.OS_FlagInit       os_flag.o
    0x08005f30   0x00000230   Code   RO         1742    i.OS_FlagPost       os_flag.o
    0x08006160   0x00000056   Code   RO         1743    i.OS_FlagTaskRdy    os_flag.o
    0x080061b6   0x00000002   PAD
    0x080061b8   0x00000044   Code   RO         1492    i.OS_IdleTask       os_core.o
    0x080061fc   0x00000070   Code   RO         1493    i.OS_IdleTaskInit   os_core.o
    0x0800626c   0x000000fc   Code   RO         1815    i.OS_IntQPost       os_int.o
    0x08006368   0x000001a0   Code   RO         1816    i.OS_IntQRePost     os_int.o
    0x08006508   0x000000ac   Code   RO         1817    i.OS_IntQTask       os_int.o
    0x080065b4   0x00000128   Code   RO         1818    i.OS_IntQTaskInit   os_int.o
    0x080066dc   0x00000018   Code   RO         1849    i.OS_MemInit        os_mem.o
    0x080066f4   0x00000036   Code   RO         1881    i.OS_MsgPoolCreate  os_msg.o
    0x0800672a   0x00000002   PAD
    0x0800672c   0x00000054   Code   RO         1882    i.OS_MsgPoolInit    os_msg.o
    0x08006780   0x00000044   Code   RO         1883    i.OS_MsgQFreeAll    os_msg.o
    0x080067c4   0x00000068   Code   RO         1884    i.OS_MsgQGet        os_msg.o
    0x0800682c   0x0000000e   Code   RO         1885    i.OS_MsgQInit       os_msg.o
    0x0800683a   0x00000002   PAD
    0x0800683c   0x000000fc   Code   RO         1886    i.OS_MsgQPut        os_msg.o
    0x08006938   0x00000030   Code   RO         1929    i.OS_MutexDbgListAdd  os_mutex.o
    0x08006968   0x00000018   Code   RO         1931    i.OS_MutexInit      os_mutex.o
    0x08006980   0x00000068   Code   RO         1494    i.OS_Pend           os_core.o
    0x080069e8   0x00000026   Code   RO         1497    i.OS_PendDataInit   os_core.o
    0x08006a0e   0x00000002   PAD
    0x08006a10   0x0000005c   Code   RO         1498    i.OS_PendDbgNameAdd  os_core.o
    0x08006a6c   0x00000024   Code   RO         1499    i.OS_PendDbgNameRemove  os_core.o
    0x08006a90   0x00000046   Code   RO         1500    i.OS_PendListChangePrio  os_core.o
    0x08006ad6   0x0000000a   Code   RO         1501    i.OS_PendListInit   os_core.o
    0x08006ae0   0x00000066   Code   RO         1503    i.OS_PendListInsertPrio  os_core.o
    0x08006b46   0x00000030   Code   RO         1504    i.OS_PendListRemove  os_core.o
    0x08006b76   0x00000042   Code   RO         1505    i.OS_PendListRemove1  os_core.o
    0x08006bb8   0x000000a2   Code   RO         1506    i.OS_PendObjDel     os_core.o
    0x08006c5a   0x00000024   Code   RO         1507    i.OS_PendObjDel1    os_core.o
    0x08006c7e   0x000000c0   Code   RO         1508    i.OS_Post           os_core.o
    0x08006d3e   0x0000002a   Code   RO         1509    i.OS_Post1          os_core.o
    0x08006d68   0x00000028   Code   RO         1989    i.OS_PrioGetHighest  os_prio.o
    0x08006d90   0x00000018   Code   RO         1990    i.OS_PrioInit       os_prio.o
    0x08006da8   0x00000024   Code   RO         1991    i.OS_PrioInsert     os_prio.o
    0x08006dcc   0x00000024   Code   RO         1992    i.OS_PrioRemove     os_prio.o
    0x08006df0   0x00000030   Code   RO         2032    i.OS_QClr           os_q.o
    0x08006e20   0x00000030   Code   RO         2033    i.OS_QDbgListAdd    os_q.o
    0x08006e50   0x00000030   Code   RO         2034    i.OS_QDbgListRemove  os_q.o
    0x08006e80   0x00000018   Code   RO         2035    i.OS_QInit          os_q.o
    0x08006e98   0x0000014c   Code   RO         2036    i.OS_QPost          os_q.o
    0x08006fe4   0x00000024   Code   RO         1510    i.OS_RdyListInit    os_core.o
    0x08007008   0x0000002c   Code   RO         1511    i.OS_RdyListInsert  os_core.o
    0x08007034   0x00000040   Code   RO         1512    i.OS_RdyListInsertHead  os_core.o
    0x08007074   0x0000003c   Code   RO         1513    i.OS_RdyListInsertTail  os_core.o
    0x080070b0   0x00000044   Code   RO         1514    i.OS_RdyListMoveHeadToTail  os_core.o
    0x080070f4   0x0000005c   Code   RO         1515    i.OS_RdyListRemove  os_core.o
    0x08007150   0x0000005c   Code   RO         1516    i.OS_Sched0         os_core.o
    0x080071ac   0x000000d0   Code   RO         1517    i.OS_SchedRoundRobin  os_core.o
    0x0800727c   0x00000028   Code   RO         2104    i.OS_SemClr         os_sem.o
    0x080072a4   0x00000030   Code   RO         2105    i.OS_SemDbgListAdd  os_sem.o
    0x080072d4   0x00000030   Code   RO         2106    i.OS_SemDbgListRemove  os_sem.o
    0x08007304   0x00000018   Code   RO         2107    i.OS_SemInit        os_sem.o
    0x0800731c   0x00000164   Code   RO         2108    i.OS_SemPost        os_sem.o
    0x08007480   0x00000354   Code   RO         2172    i.OS_StatTask       os_stat.o
    0x080077d4   0x000000cc   Code   RO         2173    i.OS_StatTaskInit   os_stat.o
    0x080078a0   0x00000038   Code   RO         1518    i.OS_TaskBlock      os_core.o
    0x080078d8   0x00000030   Code   RO         2218    i.OS_TaskDbgListAdd  os_task.o
    0x08007908   0x00000044   Code   RO         2219    i.OS_TaskDbgListRemove  os_task.o
    0x0800794c   0x00000020   Code   RO         2220    i.OS_TaskInit       os_task.o
    0x0800796c   0x000000bc   Code   RO         2221    i.OS_TaskInitTCB    os_task.o
    0x08007a28   0x0000020c   Code   RO         2222    i.OS_TaskQPost      os_task.o
    0x08007c34   0x0000001c   Code   RO         1519    i.OS_TaskRdy        os_core.o
    0x08007c50   0x00000140   Code   RO         2223    i.OS_TaskResume     os_task.o
    0x08007d90   0x00000018   Code   RO         2224    i.OS_TaskReturn     os_task.o
    0x08007da8   0x000004c4   Code   RO         2225    i.OS_TaskSemPost    os_task.o
    0x0800826c   0x00000150   Code   RO         2226    i.OS_TaskSuspend    os_task.o
    0x080083bc   0x00000028   Code   RO         2368    i.OS_TickListInit   os_tick.o
    0x080083e4   0x000001bc   Code   RO         2369    i.OS_TickListInsert  os_tick.o
    0x080085a0   0x00000038   Code   RO         2370    i.OS_TickListRemove  os_tick.o
    0x080085d8   0x00000024   Code   RO         2371    i.OS_TickListResetPeak  os_tick.o
    0x080085fc   0x000001ec   Code   RO         2372    i.OS_TickListUpdate  os_tick.o
    0x080087e8   0x0000002c   Code   RO         2373    i.OS_TickTask       os_tick.o
    0x08008814   0x000000b8   Code   RO         2374    i.OS_TickTaskInit   os_tick.o
    0x080088cc   0x00000128   Code   RO         2467    i.OS_TmrInit        os_tmr.o
    0x080089f4   0x000000d0   Code   RO         2468    i.OS_TmrLink        os_tmr.o
    0x08008ac4   0x00000024   Code   RO         2469    i.OS_TmrResetPeak   os_tmr.o
    0x08008ae8   0x000000b8   Code   RO         2470    i.OS_TmrTask        os_tmr.o
    0x08008ba0   0x00000050   Code   RO         2471    i.OS_TmrUnlink      os_tmr.o
    0x08008bf0   0x00000002   Code   RO          218    i.SVC_Handler       stm32f10x_it.o
    0x08008bf2   0x00000002   PAD
    0x08008bf4   0x00000090   Code   RO          371    i.Stm32_Clock_Init  sys.o
    0x08008c84   0x0000001c   Code   RO          312    i.SysTick_Handler   delay.o
    0x08008ca0   0x00000038   Code   RO         5414    i.TIM2_IRQHandler   usmart.o
    0x08008cd8   0x00000044   Code   RO         5415    i.Timer2_Init       usmart.o
    0x08008d1c   0x0000008c   Code   RO          444    i.USART1_IRQHandler  usart.o
    0x08008da8   0x00000004   Code   RO          219    i.UsageFault_Handler  stm32f10x_it.o
    0x08008dac   0x00000020   Code   RO         5906    i.__0printf$8       mc_w.l(printf8.o)
    0x08008dcc   0x00000028   Code   RO         5908    i.__0sprintf$8      mc_w.l(printf8.o)
    0x08008df4   0x0000000e   Code   RO         6036    i.__scatterload_copy  mc_w.l(handlers.o)
    0x08008e02   0x00000002   Code   RO         6037    i.__scatterload_null  mc_w.l(handlers.o)
    0x08008e04   0x0000000e   Code   RO         6038    i.__scatterload_zeroinit  mc_w.l(handlers.o)
    0x08008e12   0x00000002   PAD
    0x08008e14   0x00000410   Code   RO         5913    i._printf_core      mc_w.l(printf8.o)
    0x08009224   0x00000024   Code   RO         5914    i._printf_post_padding  mc_w.l(printf8.o)
    0x08009248   0x0000002e   Code   RO         5915    i._printf_pre_padding  mc_w.l(printf8.o)
    0x08009276   0x0000000a   Code   RO         5917    i._sputc            mc_w.l(printf8.o)
    0x08009280   0x00000020   Code   RO         4312    i.arp_timer         timers.o
    0x080092a0   0x00000068   Code   RO         5575    i.cap_temp_task     task.o
    0x08009308   0x000000a8   Code   RO         5576    i.check_temp_task   task.o
    0x080093b0   0x000000e0   Code   RO         5272    i.creatdm9000task   lwip_comm.o
    0x08009490   0x00000074   Code   RO          313    i.delay_init        delay.o
    0x08009504   0x00000050   Code   RO          314    i.delay_ms          delay.o
    0x08009554   0x0000000a   Code   RO          315    i.delay_osschedlock  delay.o
    0x0800955e   0x0000000a   Code   RO          316    i.delay_osschedunlock  delay.o
    0x08009568   0x00000010   Code   RO          317    i.delay_ostimedly   delay.o
    0x08009578   0x00000058   Code   RO          318    i.delay_us          delay.o
    0x080095d0   0x000000ac   Code   RO         3284    i.dhcp_arp_reply    dhcp.o
    0x0800967c   0x000001ac   Code   RO         3285    i.dhcp_bind         dhcp.o
    0x08009828   0x00000046   Code   RO         3286    i.dhcp_check        dhcp.o
    0x0800986e   0x00000002   PAD
    0x08009870   0x00000050   Code   RO         3288    i.dhcp_coarse_tmr   dhcp.o
    0x080098c0   0x000002e0   Code   RO         3289    i.dhcp_create_msg   dhcp.o
    0x08009ba0   0x00000094   Code   RO         3290    i.dhcp_decline      dhcp.o
    0x08009c34   0x0000012c   Code   RO         3291    i.dhcp_delete_msg   dhcp.o
    0x08009d60   0x000000e4   Code   RO         3292    i.dhcp_discover     dhcp.o
    0x08009e44   0x00000048   Code   RO         3293    i.dhcp_fine_tmr     dhcp.o
    0x08009e8c   0x00000078   Code   RO         3294    i.dhcp_handle_ack   dhcp.o
    0x08009f04   0x0000003c   Code   RO         3295    i.dhcp_handle_nak   dhcp.o
    0x08009f40   0x00000040   Code   RO         3296    i.dhcp_handle_offer  dhcp.o
    0x08009f80   0x00000098   Code   RO         3299    i.dhcp_option       dhcp.o
    0x0800a018   0x000000bc   Code   RO         3300    i.dhcp_option_byte  dhcp.o
    0x0800a0d4   0x000000f0   Code   RO         3301    i.dhcp_option_long  dhcp.o
    0x0800a1c4   0x00000094   Code   RO         3302    i.dhcp_option_short  dhcp.o
    0x0800a258   0x00000170   Code   RO         3303    i.dhcp_option_trailer  dhcp.o
    0x0800a3c8   0x00000516   Code   RO         3304    i.dhcp_parse_reply  dhcp.o
    0x0800a8de   0x00000002   PAD
    0x0800a8e0   0x00000098   Code   RO         3305    i.dhcp_rebind       dhcp.o
    0x0800a978   0x000000b8   Code   RO         3306    i.dhcp_reboot       dhcp.o
    0x0800aa30   0x000001ac   Code   RO         3307    i.dhcp_recv         dhcp.o
    0x0800abdc   0x000000b4   Code   RO         3308    i.dhcp_release      dhcp.o
    0x0800ac90   0x00000094   Code   RO         3309    i.dhcp_renew        dhcp.o
    0x0800ad24   0x00000104   Code   RO         3310    i.dhcp_select       dhcp.o
    0x0800ae28   0x00000010   Code   RO         3311    i.dhcp_set_state    dhcp.o
    0x0800ae38   0x000001c0   Code   RO         3313    i.dhcp_start        dhcp.o
    0x0800aff8   0x00000064   Code   RO         5577    i.dhcp_start_task   task.o
    0x0800b05c   0x000000e8   Code   RO         3314    i.dhcp_stop         dhcp.o
    0x0800b144   0x00000028   Code   RO         3315    i.dhcp_t1_timeout   dhcp.o
    0x0800b16c   0x00000028   Code   RO         3316    i.dhcp_t2_timeout   dhcp.o
    0x0800b194   0x000000c4   Code   RO         3317    i.dhcp_timeout      dhcp.o
    0x0800b258   0x00000020   Code   RO         4313    i.dhcp_timer_coarse  timers.o
    0x0800b278   0x00000020   Code   RO         4314    i.dhcp_timer_fine   timers.o
    0x0800b298   0x00000220   Code   RO         5578    i.display_task      task.o
    0x0800b4b8   0x00000074   Code   RO         4628    i.do_bind           api_msg.o
    0x0800b52c   0x000002c8   Code   RO         4630    i.do_close_internal  api_msg.o
    0x0800b7f4   0x00000154   Code   RO         4631    i.do_connect        api_msg.o
    0x0800b948   0x0000018c   Code   RO         4632    i.do_connected      api_msg.o
    0x0800bad4   0x00000020   Code   RO         4637    i.do_newconn        api_msg.o
    0x0800baf4   0x00000048   Code   RO         4638    i.do_recv           api_msg.o
    0x0800bb3c   0x000000a6   Code   RO         4639    i.do_send           api_msg.o
    0x0800bbe2   0x00000002   PAD
    0x0800bbe4   0x0000030c   Code   RO         4641    i.do_writemore      api_msg.o
    0x0800bef0   0x000001b0   Code   RO         4642    i.err_tcp           api_msg.o
    0x0800c0a0   0x000001c8   Code   RO         2782    i.etharp_arp_input  etharp.o
    0x0800c268   0x00000038   Code   RO         2783    i.etharp_cleanup_netif  etharp.o
    0x0800c2a0   0x000002f0   Code   RO         2785    i.etharp_find_entry  etharp.o
    0x0800c590   0x00000078   Code   RO         2786    i.etharp_free_entry  etharp.o
    0x0800c608   0x00000208   Code   RO         2787    i.etharp_output     etharp.o
    0x0800c810   0x00000114   Code   RO         2788    i.etharp_output_to_arp_index  etharp.o
    0x0800c924   0x00000278   Code   RO         2789    i.etharp_query      etharp.o
    0x0800cb9c   0x0000019c   Code   RO         2790    i.etharp_raw        etharp.o
    0x0800cd38   0x00000030   Code   RO         2791    i.etharp_request    etharp.o
    0x0800cd68   0x000000b0   Code   RO         2792    i.etharp_send_ip    etharp.o
    0x0800ce18   0x00000094   Code   RO         2793    i.etharp_tmr        etharp.o
    0x0800ceac   0x00000158   Code   RO         2794    i.etharp_update_arp_entry  etharp.o
    0x0800d004   0x00000144   Code   RO         2795    i.ethernet_input    etharp.o
    0x0800d148   0x000000a4   Code   RO         2910    i.ethernetif_init   ethernetif.o
    0x0800d1ec   0x00000050   Code   RO         2911    i.ethernetif_input  ethernetif.o
    0x0800d23c   0x0000001c   Code   RO          446    i.fputc             usart.o
    0x0800d258   0x00000012   Code   RO         2968    i.icmp_dest_unreach  icmp.o
    0x0800d26a   0x00000002   PAD
    0x0800d26c   0x00000354   Code   RO         2969    i.icmp_input        icmp.o
    0x0800d5c0   0x00000120   Code   RO         2970    i.icmp_send_response  icmp.o
    0x0800d6e0   0x00000012   Code   RO         2971    i.icmp_time_exceeded  icmp.o
    0x0800d6f2   0x00000014   Code   RO         3033    i.inet_chksum       inet_chksum.o
    0x0800d706   0x00000056   Code   RO         3034    i.inet_chksum_pbuf  inet_chksum.o
    0x0800d75c   0x000000aa   Code   RO         3035    i.inet_chksum_pseudo  inet_chksum.o
    0x0800d806   0x0000004e   Code   RO         3126    i.ip4_addr_isbroadcast  ip_addr.o
    0x0800d854   0x0000023c   Code   RO         3185    i.ip_frag           ip_frag.o
    0x0800da90   0x0000000a   Code   RO         3186    i.ip_frag_alloc_pbuf_custom_ref  ip_frag.o
    0x0800da9a   0x00000002   PAD
    0x0800da9c   0x0000008c   Code   RO         3187    i.ip_frag_free_pbuf_custom_ref  ip_frag.o
    0x0800db28   0x00000210   Code   RO         3071    i.ip_input          ip.o
    0x0800dd38   0x000000b4   Code   RO         3072    i.ip_output         ip.o
    0x0800ddec   0x000001d4   Code   RO         3073    i.ip_output_if      ip.o
    0x0800dfc0   0x000001a4   Code   RO         3188    i.ip_reass          ip_frag.o
    0x0800e164   0x00000310   Code   RO         3189    i.ip_reass_chain_frag_into_datagram_and_validate  ip_frag.o
    0x0800e474   0x000000b8   Code   RO         3190    i.ip_reass_dequeue_datagram  ip_frag.o
    0x0800e52c   0x00000058   Code   RO         3191    i.ip_reass_enqueue_new_datagram  ip_frag.o
    0x0800e584   0x000001cc   Code   RO         3192    i.ip_reass_free_complete_datagram  ip_frag.o
    0x0800e750   0x0000007c   Code   RO         3193    i.ip_reass_remove_oldest_datagram  ip_frag.o
    0x0800e7cc   0x00000020   Code   RO         4315    i.ip_reass_timer    timers.o
    0x0800e7ec   0x0000003c   Code   RO         3194    i.ip_reass_tmr      ip_frag.o
    0x0800e828   0x00000058   Code   RO         3074    i.ip_route          ip.o
    0x0800e880   0x000000dc   Code   RO         5579    i.ip_show           task.o
    0x0800e95c   0x000000bc   Code   RO         3195    i.ipfrag_free_pbuf_custom  ip_frag.o
    0x0800ea18   0x00000044   Code   RO         5580    i.led0_task         task.o
    0x0800ea5c   0x0000004c   Code   RO         2912    i.low_level_init    ethernetif.o
    0x0800eaa8   0x0000000e   Code   RO         2913    i.low_level_input   ethernetif.o
    0x0800eab6   0x00000010   Code   RO         2914    i.low_level_output  ethernetif.o
    0x0800eac6   0x00000002   PAD
    0x0800eac8   0x00000068   Code   RO         5273    i.lwip_comm_default_ip_set  lwip_comm.o
    0x0800eb30   0x000000e0   Code   RO         5274    i.lwip_comm_dhcp_creat  lwip_comm.o
    0x0800ec10   0x0000001c   Code   RO         5275    i.lwip_comm_dhcp_delete  lwip_comm.o
    0x0800ec2c   0x000000ac   Code   RO         5276    i.lwip_comm_init    lwip_comm.o
    0x0800ecd8   0x0000004c   Code   RO         5277    i.lwip_comm_mem_free  lwip_comm.o
    0x0800ed24   0x000000d0   Code   RO         5278    i.lwip_comm_mem_malloc  lwip_comm.o
    0x0800edf4   0x00000360   Code   RO         5279    i.lwip_dhcp_task    lwip_comm.o
    0x0800f154   0x00000010   Code   RO         5280    i.lwip_dm9000_input_task  lwip_comm.o
    0x0800f164   0x0000001a   Code   RO         3254    i.lwip_htonl        def.o
    0x0800f17e   0x0000000c   Code   RO         3255    i.lwip_htons        def.o
    0x0800f18a   0x00000024   Code   RO         3485    i.lwip_init         init.o
    0x0800f1ae   0x0000000c   Code   RO         3256    i.lwip_ntohl        def.o
    0x0800f1ba   0x0000000c   Code   RO         3257    i.lwip_ntohs        def.o
    0x0800f1c6   0x00000002   Code   RO         4896    i.lwip_socket_init  sockets.o
    0x0800f1c8   0x0000005e   Code   RO         3037    i.lwip_standard_chksum  inet_chksum.o
    0x0800f226   0x00000002   PAD
    0x0800f228   0x000002c0   Code   RO           10    i.main              main.o
    0x0800f4e8   0x00000168   Code   RO         3531    i.mem_free          mem.o
    0x0800f650   0x000000f4   Code   RO         3532    i.mem_init          mem.o
    0x0800f744   0x00000288   Code   RO         3533    i.mem_malloc        mem.o
    0x0800f9cc   0x000001ec   Code   RO         3534    i.mem_trim          mem.o
    0x0800fbb8   0x000000c0   Code   RO         3575    i.memp_free         memp.o
    0x0800fc78   0x00000008   Code   RO         3576    i.memp_get_memorysize  memp.o
    0x0800fc80   0x00000068   Code   RO         3577    i.memp_init         memp.o
    0x0800fce8   0x00000100   Code   RO         3578    i.memp_malloc       memp.o
    0x0800fde8   0x0000006c   Code   RO         2712    i.my_mem_free       malloc.o
    0x0800fe54   0x00000044   Code   RO         2713    i.my_mem_init       malloc.o
    0x0800fe98   0x000000b0   Code   RO         2714    i.my_mem_malloc     malloc.o
    0x0800ff48   0x00000040   Code   RO         2715    i.my_mem_perused    malloc.o
    0x0800ff88   0x00000024   Code   RO         2716    i.myfree            malloc.o
    0x0800ffac   0x00000028   Code   RO         2717    i.mymalloc          malloc.o
    0x0800ffd4   0x00000014   Code   RO         2719    i.mymemset          malloc.o
    0x0800ffe8   0x000000f8   Code   RO         4791    i.netbuf_alloc      netbuf.o
    0x080100e0   0x00000020   Code   RO         4794    i.netbuf_delete     netbuf.o
    0x08010100   0x0000001e   Code   RO         4797    i.netbuf_new        netbuf.o
    0x0801011e   0x00000002   PAD
    0x08010120   0x0000012c   Code   RO         4643    i.netconn_alloc     api_msg.o
    0x0801024c   0x000000d8   Code   RO         4497    i.netconn_bind      api_lib.o
    0x08010324   0x000000dc   Code   RO         4500    i.netconn_connect   api_lib.o
    0x08010400   0x00000198   Code   RO         4505    i.netconn_new_with_proto_and_callback  api_lib.o
    0x08010598   0x000001c0   Code   RO         4506    i.netconn_recv      api_lib.o
    0x08010758   0x00000234   Code   RO         4507    i.netconn_recv_data  api_lib.o
    0x0801098c   0x000000d4   Code   RO         4510    i.netconn_send      api_lib.o
    0x08010a60   0x00000104   Code   RO         3629    i.netif_add         netif.o
    0x08010b64   0x00000002   Code   RO         3631    i.netif_init        netif.o
    0x08010b66   0x00000028   Code   RO         3633    i.netif_set_addr    netif.o
    0x08010b8e   0x00000002   PAD
    0x08010b90   0x00000010   Code   RO         3634    i.netif_set_default  netif.o
    0x08010ba0   0x0000002a   Code   RO         3635    i.netif_set_down    netif.o
    0x08010bca   0x00000010   Code   RO         3636    i.netif_set_gw      netif.o
    0x08010bda   0x00000002   PAD
    0x08010bdc   0x00000084   Code   RO         3637    i.netif_set_ipaddr  netif.o
    0x08010c60   0x00000010   Code   RO         3640    i.netif_set_netmask  netif.o
    0x08010c70   0x00000036   Code   RO         3641    i.netif_set_up      netif.o
    0x08010ca6   0x00000002   PAD
    0x08010ca8   0x000000b8   Code   RO         5581    i.order_handle_task  task.o
    0x08010d60   0x00000424   Code   RO         3723    i.pbuf_alloc        pbuf.o
    0x08011184   0x00000108   Code   RO         3724    i.pbuf_alloced_custom  pbuf.o
    0x0801128c   0x00000148   Code   RO         3725    i.pbuf_cat          pbuf.o
    0x080113d4   0x0000001a   Code   RO         3726    i.pbuf_chain        pbuf.o
    0x080113ee   0x00000012   Code   RO         3727    i.pbuf_clen         pbuf.o
    0x08011400   0x00000238   Code   RO         3729    i.pbuf_copy         pbuf.o
    0x08011638   0x0000014c   Code   RO         3730    i.pbuf_copy_partial  pbuf.o
    0x08011784   0x000001c0   Code   RO         3732    i.pbuf_free         pbuf.o
    0x08011944   0x00000040   Code   RO         3733    i.pbuf_free_ooseq   pbuf.o
    0x08011984   0x0000000a   Code   RO         3734    i.pbuf_free_ooseq_callback  pbuf.o
    0x0801198e   0x00000002   PAD
    0x08011990   0x00000154   Code   RO         3736    i.pbuf_header       pbuf.o
    0x08011ae4   0x00000048   Code   RO         3739    i.pbuf_pool_is_empty  pbuf.o
    0x08011b2c   0x000001c4   Code   RO         3740    i.pbuf_realloc      pbuf.o
    0x08011cf0   0x0000001a   Code   RO         3741    i.pbuf_ref          pbuf.o
    0x08011d0a   0x00000002   PAD
    0x08011d0c   0x0000012c   Code   RO         4646    i.pcb_new           api_msg.o
    0x08011e38   0x000001b4   Code   RO         3535    i.plug_holes        mem.o
    0x08011fec   0x000000e4   Code   RO         4647    i.poll_tcp          api_msg.o
    0x080120d0   0x00000010   Code   RO         3864    i.raw_bind          raw.o
    0x080120e0   0x00000010   Code   RO         3865    i.raw_connect       raw.o
    0x080120f0   0x00000074   Code   RO         3866    i.raw_input         raw.o
    0x08012164   0x00000034   Code   RO         3867    i.raw_new           raw.o
    0x08012198   0x00000006   Code   RO         3868    i.raw_recv          raw.o
    0x0801219e   0x00000012   Code   RO         3870    i.raw_send          raw.o
    0x080121b0   0x00000138   Code   RO         3871    i.raw_sendto        raw.o
    0x080122e8   0x00000006   Code   RO         5416    i.read_addr         usmart.o
    0x080122ee   0x00000002   PAD
    0x080122f0   0x000000dc   Code   RO         5582    i.recovery_task     task.o
    0x080123cc   0x000000a0   Code   RO         4648    i.recv_raw          api_msg.o
    0x0801246c   0x0000018c   Code   RO         4649    i.recv_tcp          api_msg.o
    0x080125f8   0x00000184   Code   RO         4650    i.recv_udp          api_msg.o
    0x0801277c   0x00000050   Code   RO         5583    i.send_udp_task     task.o
    0x080127cc   0x000000e4   Code   RO         4651    i.sent_tcp          api_msg.o
    0x080128b0   0x00000044   Code   RO         4652    i.setup_tcp         api_msg.o
    0x080128f4   0x00000218   Code   RO         5584    i.show_address      task.o
    0x08012b0c   0x000001a8   Code   RO           11    i.start_task        main.o
    0x08012cb4   0x000000fc   Code   RO         5585    i.suspend_task      task.o
    0x08012db0   0x000000fc   Code   RO         5144    i.sys_arch_mbox_fetch  sys_arch.o
    0x08012eac   0x00000072   Code   RO         5146    i.sys_arch_sem_wait  sys_arch.o
    0x08012f1e   0x00000002   Code   RO         5147    i.sys_init          sys_arch.o
    0x08012f20   0x00000080   Code   RO         5148    i.sys_mbox_free     sys_arch.o
    0x08012fa0   0x00000034   Code   RO         5149    i.sys_mbox_new      sys_arch.o
    0x08012fd4   0x000000c4   Code   RO         5150    i.sys_mbox_post     sys_arch.o
    0x08013098   0x00000014   Code   RO         5151    i.sys_mbox_set_invalid  sys_arch.o
    0x080130ac   0x00000030   Code   RO         5152    i.sys_mbox_trypost  sys_arch.o
    0x080130dc   0x00000024   Code   RO         5153    i.sys_mbox_valid    sys_arch.o
    0x08013100   0x0000007c   Code   RO         5156    i.sys_sem_free      sys_arch.o
    0x0801317c   0x00000098   Code   RO         5157    i.sys_sem_new       sys_arch.o
    0x08013214   0x0000007c   Code   RO         5159    i.sys_sem_signal    sys_arch.o
    0x08013290   0x00000028   Code   RO         5160    i.sys_sem_valid     sys_arch.o
    0x080132b8   0x00000110   Code   RO         5161    i.sys_thread_new    sys_arch.o
    0x080133c8   0x00000148   Code   RO         4316    i.sys_timeout       timers.o
    0x08013510   0x00000044   Code   RO         4317    i.sys_timeouts_init  timers.o
    0x08013554   0x00000088   Code   RO         4318    i.sys_timeouts_mbox_fetch  timers.o
    0x080135dc   0x00000060   Code   RO         4319    i.sys_untimeout     timers.o
    0x0801363c   0x00000140   Code   RO         3926    i.tcp_abandon       tcp.o
    0x0801377c   0x0000000e   Code   RO         3927    i.tcp_abort         tcp.o
    0x0801378a   0x00000004   Code   RO         3928    i.tcp_accept        tcp.o
    0x0801378e   0x00000002   PAD
    0x08013790   0x000000c4   Code   RO         3930    i.tcp_alloc         tcp.o
    0x08013854   0x00000004   Code   RO         3931    i.tcp_arg           tcp.o
    0x08013858   0x00000128   Code   RO         3932    i.tcp_bind          tcp.o
    0x08013980   0x0000001c   Code   RO         3933    i.tcp_close         tcp.o
    0x0801399c   0x0000024c   Code   RO         3934    i.tcp_close_shutdown  tcp.o
    0x08013be8   0x000001ec   Code   RO         3935    i.tcp_connect       tcp.o
    0x08013dd4   0x000000b8   Code   RO         4214    i.tcp_create_segment  tcp_out.o
    0x08013e8c   0x0000002e   Code   RO         3937    i.tcp_eff_send_mss  tcp.o
    0x08013eba   0x00000002   PAD
    0x08013ebc   0x000002a4   Code   RO         4215    i.tcp_enqueue_flags  tcp_out.o
    0x08014160   0x000000a0   Code   RO         3938    i.tcp_err           tcp.o
    0x08014200   0x00000080   Code   RO         3939    i.tcp_fasttmr       tcp.o
    0x08014280   0x00000002   Code   RO         3940    i.tcp_init          tcp.o
    0x08014282   0x00000002   PAD
    0x08014284   0x000006d4   Code   RO         4161    i.tcp_input         tcp_in.o
    0x08014958   0x00000066   Code   RO         4216    i.tcp_keepalive     tcp_out.o
    0x080149be   0x00000002   PAD
    0x080149c0   0x00000058   Code   RO         3941    i.tcp_kill_prio     tcp.o
    0x08014a18   0x00000040   Code   RO         3942    i.tcp_kill_timewait  tcp.o
    0x08014a58   0x0000013c   Code   RO         4162    i.tcp_listen_input  tcp_in.o
    0x08014b94   0x0000000a   Code   RO         3944    i.tcp_new           tcp.o
    0x08014b9e   0x00000002   PAD
    0x08014ba0   0x00000068   Code   RO         3945    i.tcp_new_port      tcp.o
    0x08014c08   0x0000001c   Code   RO         3946    i.tcp_next_iss      tcp.o
    0x08014c24   0x00000090   Code   RO         4163    i.tcp_oos_insert_segment  tcp_in.o
    0x08014cb4   0x00000284   Code   RO         4217    i.tcp_output        tcp_out.o
    0x08014f38   0x00000118   Code   RO         4218    i.tcp_output_alloc_header  tcp_out.o
    0x08015050   0x000000ec   Code   RO         4219    i.tcp_output_segment  tcp_out.o
    0x0801513c   0x000000d0   Code   RO         4164    i.tcp_parseopt      tcp_in.o
    0x0801520c   0x000000f8   Code   RO         4220    i.tcp_pbuf_prealloc  tcp_out.o
    0x08015304   0x0000006a   Code   RO         3947    i.tcp_pcb_purge     tcp.o
    0x0801536e   0x00000002   PAD
    0x08015370   0x00000174   Code   RO         3948    i.tcp_pcb_remove    tcp.o
    0x080154e4   0x000000a0   Code   RO         3949    i.tcp_poll          tcp.o
    0x08015584   0x00000698   Code   RO         4165    i.tcp_process       tcp_in.o
    0x08015c1c   0x00000098   Code   RO         3950    i.tcp_process_refused_data  tcp.o
    0x08015cb4   0x00000dcc   Code   RO         4166    i.tcp_receive       tcp_in.o
    0x08016a80   0x000000a0   Code   RO         3951    i.tcp_recv          tcp.o
    0x08016b20   0x0000002e   Code   RO         3952    i.tcp_recv_null     tcp.o
    0x08016b4e   0x00000002   PAD
    0x08016b50   0x0000011c   Code   RO         3953    i.tcp_recved        tcp.o
    0x08016c6c   0x0000005a   Code   RO         4221    i.tcp_rexmit        tcp_out.o
    0x08016cc6   0x00000078   Code   RO         4222    i.tcp_rexmit_fast   tcp_out.o
    0x08016d3e   0x0000003a   Code   RO         4223    i.tcp_rexmit_rto    tcp_out.o
    0x08016d78   0x00000134   Code   RO         4224    i.tcp_rst           tcp_out.o
    0x08016eac   0x00000026   Code   RO         3954    i.tcp_seg_copy      tcp.o
    0x08016ed2   0x0000001a   Code   RO         3955    i.tcp_seg_free      tcp.o
    0x08016eec   0x00000018   Code   RO         3956    i.tcp_segs_free     tcp.o
    0x08016f04   0x00000068   Code   RO         4225    i.tcp_send_empty_ack  tcp_out.o
    0x08016f6c   0x0000004a   Code   RO         4226    i.tcp_send_fin      tcp_out.o
    0x08016fb6   0x00000002   PAD
    0x08016fb8   0x000000a0   Code   RO         3957    i.tcp_sent          tcp.o
    0x08017058   0x00000062   Code   RO         3959    i.tcp_shutdown      tcp.o
    0x080170ba   0x00000002   PAD
    0x080170bc   0x00000618   Code   RO         3960    i.tcp_slowtmr       tcp.o
    0x080176d4   0x00000038   Code   RO         4320    i.tcp_timer_needed  timers.o
    0x0801770c   0x000000ac   Code   RO         4167    i.tcp_timewait_input  tcp_in.o
    0x080177b8   0x00000024   Code   RO         3961    i.tcp_tmr           tcp.o
    0x080177dc   0x000000d4   Code   RO         3962    i.tcp_update_rcv_ann_wnd  tcp.o
    0x080178b0   0x0000071c   Code   RO         4227    i.tcp_write         tcp_out.o
    0x08017fcc   0x00000184   Code   RO         4228    i.tcp_write_checks  tcp_out.o
    0x08018150   0x000000c6   Code   RO         4229    i.tcp_zero_window_probe  tcp_out.o
    0x08018216   0x00000002   PAD
    0x08018218   0x00000040   Code   RO         5053    i.tcpip_apimsg      tcpip.o
    0x08018258   0x00000060   Code   RO         5054    i.tcpip_callback_with_block  tcpip.o
    0x080182b8   0x000000dc   Code   RO         5057    i.tcpip_init        tcpip.o
    0x08018394   0x0000004c   Code   RO         5058    i.tcpip_input       tcpip.o
    0x080183e0   0x00000038   Code   RO         4321    i.tcpip_tcp_timer   timers.o
    0x08018418   0x00000164   Code   RO         5059    i.tcpip_thread      tcpip.o
    0x0801857c   0x000000dc   Code   RO          447    i.uart_init         usart.o
    0x08018658   0x0000010c   Code   RO         4402    i.udp_bind          udp.o
    0x08018764   0x00000068   Code   RO         4403    i.udp_connect       udp.o
    0x080187cc   0x00000002   Code   RO         4405    i.udp_init          udp.o
    0x080187ce   0x00000002   PAD
    0x080187d0   0x000002ac   Code   RO         4406    i.udp_input         udp.o
    0x08018a7c   0x0000001c   Code   RO         4407    i.udp_new           udp.o
    0x08018a98   0x00000058   Code   RO         4408    i.udp_new_port      udp.o
    0x08018af0   0x00000006   Code   RO         4409    i.udp_recv          udp.o
    0x08018af6   0x00000002   PAD
    0x08018af8   0x00000040   Code   RO         4410    i.udp_remove        udp.o
    0x08018b38   0x00000014   Code   RO         4411    i.udp_send          udp.o
    0x08018b4c   0x00000036   Code   RO         4412    i.udp_sendto        udp.o
    0x08018b82   0x00000002   PAD
    0x08018b84   0x000001b0   Code   RO         4413    i.udp_sendto_if     udp.o
    0x08018d34   0x00000268   Code   RO         5380    i.udp_thread        udp_u.o
    0x08018f9c   0x000000e8   Code   RO         5381    i.user_udp_init     udp_u.o
    0x08019084   0x000000b0   Code   RO         5417    i.usmart_cmd_rec    usmart.o
    0x08019134   0x000002d4   Code   RO         5418    i.usmart_exe        usmart.o
    0x08019408   0x000000c8   Code   RO         5503    i.usmart_get_aparm  usmart_str.o
    0x080194d0   0x00000036   Code   RO         5504    i.usmart_get_cmdname  usmart_str.o
    0x08019506   0x00000002   PAD
    0x08019508   0x000001c0   Code   RO         5505    i.usmart_get_fname  usmart_str.o
    0x080196c8   0x0000010c   Code   RO         5506    i.usmart_get_fparam  usmart_str.o
    0x080197d4   0x00000020   Code   RO         5507    i.usmart_get_parmpos  usmart_str.o
    0x080197f4   0x00000040   Code   RO         5419    i.usmart_get_runtime  usmart.o
    0x08019834   0x00000028   Code   RO         5420    i.usmart_init       usmart.o
    0x0801985c   0x00000016   Code   RO         5508    i.usmart_pow        usmart_str.o
    0x08019872   0x00000002   PAD
    0x08019874   0x00000028   Code   RO         5421    i.usmart_reset_runtime  usmart.o
    0x0801989c   0x000000bc   Code   RO         5422    i.usmart_scan       usmart.o
    0x08019958   0x00000016   Code   RO         5509    i.usmart_search_nextc  usmart_str.o
    0x0801996e   0x000000ca   Code   RO         5510    i.usmart_str2num    usmart_str.o
    0x08019a38   0x00000022   Code   RO         5511    i.usmart_strcmp     usmart_str.o
    0x08019a5a   0x00000016   Code   RO         5512    i.usmart_strcopy    usmart_str.o
    0x08019a70   0x00000018   Code   RO         5513    i.usmart_strlen     usmart_str.o
    0x08019a88   0x000006e4   Code   RO         5423    i.usmart_sys_cmd_exe  usmart.o
    0x0801a16c   0x00000004   Code   RO         5424    i.write_addr        usmart.o
    0x0801a170   0x000017c0   Data   RO          668    .constdata          lcd.o
    0x0801b930   0x000000a4   Data   RO         1461    .constdata          os_cfg_app.o
    0x0801b9d4   0x0000016c   Data   RO         1717    .constdata          os_dbg.o
    0x0801bb40   0x00000018   Data   RO         2724    .constdata          malloc.o
    0x0801bb58   0x0000000c   Data   RO         2797    .constdata          etharp.o
    0x0801bb64   0x00000008   Data   RO         3133    .constdata          ip_addr.o
    0x0801bb6c   0x00000038   Data   RO         3580    .constdata          memp.o
    0x0801bba4   0x00000050   Data   RO         3963    .constdata          tcp.o
    0x0801bbf4   0x00000004   Data   RO         5163    .constdata          sys_arch.o
    0x0801bbf8   0x00000081   Data   RO         5658    .constdata          mc_w.l(ctype_o.o)
    0x0801bc79   0x00000003   PAD
    0x0801bc7c   0x00000004   Data   RO         5659    .constdata          mc_w.l(ctype_o.o)
    0x0801bc80   0x00000044   Data   RO         2798    .conststring        etharp.o
    0x0801bcc4   0x0000008c   Data   RO         3319    .conststring        dhcp.o
    0x0801bd50   0x000000a0   Data   RO         3581    .conststring        memp.o
    0x0801bdf0   0x0000006d   Data   RO         3964    .conststring        tcp.o
    0x0801be5d   0x00000003   PAD
    0x0801be60   0x00000055   Data   RO         4230    .conststring        tcp_out.o
    0x0801beb5   0x00000003   PAD
    0x0801beb8   0x00000028   Data   RO         5425    .conststring        usmart.o
    0x0801bee0   0x00000103   Data   RO         5490    .conststring        usmart_config.o
    0x0801bfe3   0x00000001   PAD
    0x0801bfe4   0x00000020   Data   RO         6034    Region$$Table       anon$$obj.o


    Execution Region RW_IRAM1 (Base: 0x20000000, Size: 0x0000fd08, Max: 0x00010000, ABSOLUTE, COMPRESSED[0x000000f4])

    Base Addr    Size         Type   Attr      Idx    E Section Name        Object

    0x20000000   0x00000004   Data   RW          319    .data               delay.o
    0x20000004   0x00000006   Data   RW          449    .data               usart.o
    0x2000000a   0x00000004   Data   RW          669    .data               lcd.o
    0x2000000e   0x00000002   PAD
    0x20000010   0x00000008   Data   RW         1993    .data               os_prio.o
    0x20000018   0x000000b8   Data   RW         2549    .data               os_var.o
    0x200000d0   0x00000004   Data   RW         2576    .data               os_cpu_c.o
    0x200000d4   0x0000001c   Data   RW         2725    .data               malloc.o
    0x200000f0   0x00000001   Data   RW         2799    .data               etharp.o
    0x200000f1   0x00000003   PAD
    0x200000f4   0x00000012   Data   RW         3075    .data               ip.o
    0x20000106   0x00000002   PAD
    0x20000108   0x00000006   Data   RW         3196    .data               ip_frag.o
    0x2000010e   0x00000002   PAD
    0x20000110   0x00000004   Data   RW         3320    .data               dhcp.o
    0x20000114   0x00000010   Data   RW         3537    .data               mem.o
    0x20000124   0x0000003c   Data   RW         3582    .data               memp.o
    0x20000160   0x00000009   Data   RW         3642    .data               netif.o
    0x20000169   0x00000001   Data   RW         3744    .data               pbuf.o
    0x2000016a   0x00000002   PAD
    0x2000016c   0x00000004   Data   RW         3872    .data               raw.o
    0x20000170   0x00000024   Data   RW         3965    .data               tcp.o
    0x20000194   0x00000020   Data   RW         4169    .data               tcp_in.o
    0x200001b4   0x00000008   Data   RW         4322    .data               timers.o
    0x200001bc   0x00000008   Data   RW         4414    .data               udp.o
    0x200001c4   0x00000008   Data   RW         5064    .data               tcpip.o
    0x200001cc   0x0000000c   Data   RW         5282    .data               lwip_comm.o
    0x200001d8   0x00000074   Data   RW         5383    .data               udp_u.o
    0x2000024c   0x0000001c   Data   RW         5426    .data               usmart.o
    0x20000268   0x00000134   Data   RW         5491    .data               usmart_config.o
    0x2000039c   0x0000000c   Data   RW         5587    .data               task.o
    0x200003a8   0x000000c8   Zero   RW          448    .bss                usart.o
    0x20000470   0x00000012   Zero   RW          512    .bss                dm9000.o
    0x20000482   0x0000000e   Zero   RW          667    .bss                lcd.o
    0x20000490   0x00000010   Zero   RW          910    .bss                cpu_core.o
    0x200004a0   0x00001490   Zero   RW         1460    .bss                os_cfg_app.o
    0x20001930   0x000006cc   Zero   RW         2548    .bss                os_var.o
    0x20001ffc   0x0000aa00   Zero   RW         2723    .bss                malloc.o
    0x2000c9fc   0x000000c8   Zero   RW         2796    .bss                etharp.o
    0x2000cac4   0x00000032   Zero   RW         3318    .bss                dhcp.o
    0x2000caf6   0x00000002   PAD
    0x2000caf8   0x00000028   Zero   RW         3536    .bss                mem.o
    0x2000cb20   0x00000038   Zero   RW         3579    .bss                memp.o
    0x2000cb58   0x00000014   Zero   RW         4168    .bss                tcp_in.o
    0x2000cb6c   0x00000030   Zero   RW         5063    .bss                tcpip.o
    0x2000cb9c   0x000000c0   Zero   RW         5162    .bss                sys_arch.o
    0x2000cc5c   0x000002e0   Zero   RW         5281    .bss                lwip_comm.o
    0x2000cf3c   0x00000d40   Zero   RW         5382    .bss                udp_u.o
    0x2000dc7c   0x00001c88   Zero   RW         5586    .bss                task.o
    0x2000f904   0x00000004   PAD
    0x2000f908   0x00000400   Zero   RW            1    STACK               startup_stm32f10x_hd.o



  Load Region LR$$.ARM.__AT_0x68000000 (Base: 0x68000000, Size: 0x00000000, Max: 0x00030000, ABSOLUTE)

    Execution Region ER$$.ARM.__AT_0x68000000 (Base: 0x68000000, Size: 0x00030000, Max: 0x00030000, ABSOLUTE, UNINIT)

    Base Addr    Size         Type   Attr      Idx    E Section Name        Object

    0x68000000   0x00030000   Zero   RW         2721    .ARM.__AT_0x68000000  malloc.o



  Load Region LR$$.ARM.__AT_0x68030000 (Base: 0x68030000, Size: 0x00000000, Max: 0x00003000, ABSOLUTE)

    Execution Region ER$$.ARM.__AT_0x68030000 (Base: 0x68030000, Size: 0x00003000, Max: 0x00003000, ABSOLUTE, UNINIT)

    Base Addr    Size         Type   Attr      Idx    E Section Name        Object

    0x68030000   0x00003000   Zero   RW         2722    .ARM.__AT_0x68030000  malloc.o


==============================================================================

Image component sizes


      Code (inc. data)   RO Data    RW Data    ZI Data      Debug   Object Name

       574         50          0          0          0       2130   adc.o
      2068        962          0          0          0      14568   api_lib.o
      5114       1830          0          0          0      12760   api_msg.o
        56         14          0          0          0        412   beep.o
        52          0          0          0          0        324   cpu_a.o
        64          6          0          0         16      10855   cpu_core.o
        62          0          0          0          0       1972   def.o
       348         38          0          4          0       3657   delay.o
      7200       2072        140          4         50      21280   dhcp.o
      2244        432          0          0         18      12237   dm9000.o
      4264       1322         80          1        200      21462   etharp.o
       350        118          0          0          0       5060   ethernetif.o
       106         12          0          0          0        916   exti.o
      1176        456          0          0          0       8753   icmp.o
         0          0          0          0          0       3820   inet.o
       370          0          0          0          0       3382   inet_chksum.o
        36          0          0          0          0       4060   init.o
      1264        274          0         18          0      16930   ip.o
        78          0          8          0          0       6790   ip_addr.o
      3030        954          0          6          0      10616   ip_frag.o
        44          8          0          0          0        403   key.o
      5834        150       6080          4         14      13578   lcd.o
       112         12          0          0          0        423   led.o
       102          0          0          0          0       1664   lib_mem.o
      1916        674          0         12        736      13487   lwip_comm.o
      1128        298          0          0          0     256092   main.o
       512         60         24         28     252416       5713   malloc.o
      2180        938          0         16         40       5149   mem.o
       560        288        216         60         56       3874   memp.o
       310        146          0          0          0       3096   netbuf.o
       578        126          0          9          0       7635   netif.o
       252        166        164          0       5264      20648   os_cfg_app.o
      3198        396          0          0          0      20848   os_core.o
       152         32          0          0          0        384   os_cpu_a.o
       476         56          0          4          0       6552   os_cpu_c.o
       432        286        364          0          0       4701   os_dbg.o
       670         26          0          0          0       2841   os_flag.o
      1136        204          0          0          0       3238   os_int.o
        24         10          0          0          0        817   os_mem.o
       576         32          0          0          0       4333   os_msg.o
      1580         92          0          0          0       4320   os_mutex.o
       136         16          0          8          0       2658   os_prio.o
      2008        120          0          0          0       8217   os_q.o
      1708        102          0          0          0       7508   os_sem.o
      1592        202          0          0          0       3731   os_stat.o
      4772        254          0          0          0      12444   os_task.o
      1296        126          0          0          0       5133   os_tick.o
       920         56          0          0          0       3481   os_time.o
       804        134          0          0          0       3928   os_tmr.o
         0          0          0        184       1740      19123   os_var.o
      4008       1648          0          1          0      11461   pbuf.o
       536        142          0          4          0       4982   raw.o
         2          0          0          0          0        439   sockets.o
       352         40          0          0          0        529   sram.o
        28          4        304          0       1024        788   startup_stm32f10x_hd.o
        22          0          0          0          0       2723   stm32f10x_it.o
       588         58          0          0          0       3361   sys.o
      1560        604          4          0        192       9537   sys_arch.o
      2476        546          0         12       7304       8204   task.o
      6006       2006        189         36          0      31268   tcp.o
      7808       1300          0         32         20      17871   tcp_in.o
      5530       1514         85          0          0      14647   tcp_out.o
       812        294          0          8         48       9226   tcpip.o
       868        238          0          8          0       6503   timers.o
      1750        378          0          8          0      17120   udp.o
       848        132          0        116       3392       6569   udp_u.o
       388         34          0          6        200       3500   usart.o
      3130       1318         40         28          0       7094   usmart.o
         0          0        259        308          0       1636   usmart_config.o
      1328         20          0          0          0       8017   usmart_str.o

    ----------------------------------------------------------------------
    101580      23826       7996        936     272736     773478   Object Totals
         0          0         32          0          0          0   (incl. Generated)
        76          0          7         11          6          0   (incl. Padding)

    ----------------------------------------------------------------------

      Code (inc. data)   RO Data    RW Data    ZI Data      Debug   Library Member Name

        56          8          0          0          0         84   __0sscanf.o
        86          0          0          0          0          0   __dczerorl2.o
        28          0          0          0          0         68   _chval.o
       812          4          0          0          0        112   _scanf.o
       332          0          0          0          0         96   _scanf_int.o
       224          0          0          0          0         96   _scanf_str.o
        64          0          0          0          0         84   _sgetc.o
         8          4        133          0          0         68   ctype_o.o
         0          0          0          0          0          0   entry.o
         0          0          0          0          0          0   entry10a.o
         0          0          0          0          0          0   entry11a.o
         8          4          0          0          0          0   entry2.o
         4          0          0          0          0          0   entry5.o
         0          0          0          0          0          0   entry7b.o
         0          0          0          0          0          0   entry8b.o
         8          4          0          0          0          0   entry9a.o
        30          0          0          0          0          0   handlers.o
        36          8          0          0          0         68   init.o
        18          0          0          0          0         76   isspace_o.o
         0          0          0          0          0          0   iusefp.o
        30          0          0          0          0         68   llshl.o
        36          0          0          0          0         68   llsshr.o
        32          0          0          0          0         68   llushr.o
        26          0          0          0          0         80   memcmp.o
        36          0          0          0          0         68   memcpya.o
        36          0          0          0          0        108   memseta.o
      1204         60          0          0          0        504   printf8.o
        40          8          0          0          0         84   scanf_char.o
        28          0          0          0          0         76   strcmp.o
        48          0          0          0          0         76   strlcpy.o
        14          0          0          0          0         68   strlen.o
        98          0          0          0          0         92   uldiv.o
       334          0          0          0          0        148   dadd.o
       222          0          0          0          0        100   ddiv.o
       186          0          0          0          0        176   depilogue.o
        62          0          0          0          0         80   dfixi.o
       228          0          0          0          0         96   dmul.o
        38          0          0          0          0         68   f2d.o
       176          0          0          0          0        140   fadd.o
       124          0          0          0          0         88   fdiv.o
       110          0          0          0          0        168   fepilogue.o
        40          0          0          0          0         68   ffixui.o
        10          0          0          0          0         68   ffltui.o
       100          0          0          0          0         76   fmul.o

    ----------------------------------------------------------------------
      4980        100        136          0          0       3388   Library Totals
         8          0          3          0          0          0   (incl. Padding)

    ----------------------------------------------------------------------

      Code (inc. data)   RO Data    RW Data    ZI Data      Debug   Library Name

      3342        100        133          0          0       2112   mc_w.l
      1630          0          0          0          0       1276   mf_w.l

    ----------------------------------------------------------------------
      4980        100        136          0          0       3388   Library Totals

    ----------------------------------------------------------------------

==============================================================================


      Code (inc. data)   RO Data    RW Data    ZI Data      Debug   

    106560      23926       8132        936     272736     750474   Grand Totals
    106560      23926       8132        244     272736     750474   ELF Image Totals (compressed)
    106560      23926       8132        244          0          0   ROM Totals

==============================================================================

    Total RO  Size (Code + RO Data)               114692 ( 112.00kB)
    Total RW  Size (RW Data + ZI Data)            273672 ( 267.26kB)
    Total ROM Size (Code + RO Data + RW Data)     114936 ( 112.24kB)

==============================================================================

